2026-07-31 17:37:51 CEST  Starting run.
2026-07-31 17:37:51 CEST  Discovered 4 dataset(s): alternating, identical, outlier, random
2026-07-31 17:37:51 CEST  Grid (10 points): [500, 830, 1400, 2300, 3900, 6500, 11000, 18000, 30000, 50000]
2026-07-31 17:37:51 CEST    alternating: K=5 for every N
2026-07-31 17:37:51 CEST    identical: K=5 for every N
2026-07-31 17:37:51 CEST    outlier: K=5 for every N
2026-07-31 17:37:51 CEST    random: K=10 for every N
2026-07-31 17:37:51 CEST  Existing results: 2319 timing row(s), 0 op-count row(s), 14 existing wall(s)
2026-07-31 17:37:51 CEST    wall: identical/BBMSCore already failed at N=11000 (or smaller) -- skipping N>=11000
2026-07-31 17:37:51 CEST    wall: identical/BBMSDppInstant already failed at N=30000 (or smaller) -- skipping N>=30000
2026-07-31 17:37:51 CEST    wall: identical/BBMSDppStepwise already failed at N=30000 (or smaller) -- skipping N>=30000
2026-07-31 17:37:51 CEST    wall: identical/BBMSInter already failed at N=30000 (or smaller) -- skipping N>=30000
2026-07-31 17:37:51 CEST    wall: outlier/BBMSCore already failed at N=11000 (or smaller) -- skipping N>=11000
2026-07-31 17:37:51 CEST    wall: outlier/BBMSDppInstant already failed at N=30000 (or smaller) -- skipping N>=30000
2026-07-31 17:37:51 CEST    wall: outlier/BBMSDppStepwise already failed at N=30000 (or smaller) -- skipping N>=30000
2026-07-31 17:37:51 CEST    wall: outlier/BBMSInter already failed at N=18000 (or smaller) -- skipping N>=18000
2026-07-31 17:37:51 CEST    wall: outlier/DijkstraPrims already failed at N=30000 (or smaller) -- skipping N>=30000
2026-07-31 17:37:51 CEST    wall: random/BBMSCore already failed at N=11000 (or smaller) -- skipping N>=11000
2026-07-31 17:37:51 CEST    wall: random/BBMSDppInstant already failed at N=30000 (or smaller) -- skipping N>=30000
2026-07-31 17:37:51 CEST    wall: random/BBMSDppStepwise already failed at N=30000 (or smaller) -- skipping N>=30000
2026-07-31 17:37:51 CEST    wall: random/BBMSInter already failed at N=30000 (or smaller) -- skipping N>=30000
2026-07-31 17:37:51 CEST    wall: random/DijkstraPrims already failed at N=30000 (or smaller) -- skipping N>=30000
2026-07-31 17:37:51 CEST  === dataset: alternating ===
2026-07-31 17:37:51 CEST  --- N=500 ---
2026-07-31 17:37:51 CEST  sample=0
2026-07-31 17:37:51 CEST  runtime/memory pass
2026-07-31 17:37:51 CEST    repeat=0 BBMSCore: running...
2026-07-31 17:37:51 CEST    repeat=0 BBMSCore: status=ok
2026-07-31 17:37:51 CEST    repeat=0 BBMSInter: running...
2026-07-31 17:37:52 CEST    repeat=0 BBMSInter: status=ok
2026-07-31 17:37:52 CEST    repeat=0 BBMSDppInstant: running...
2026-07-31 17:37:52 CEST    repeat=0 BBMSDppInstant: status=ok
2026-07-31 17:37:52 CEST    repeat=0 BBMSDppStepwise: running...
2026-07-31 17:37:52 CEST    repeat=0 BBMSDppStepwise: status=ok
2026-07-31 17:37:52 CEST    repeat=0 DijkstraPrims: running...
2026-07-31 17:37:52 CEST    repeat=0 DijkstraPrims: status=ok
2026-07-31 17:37:52 CEST    repeat=1 BBMSCore: running...
2026-07-31 17:37:53 CEST    repeat=1 BBMSCore: status=ok
2026-07-31 17:37:53 CEST    repeat=1 BBMSInter: running...
2026-07-31 17:37:54 CEST    repeat=1 BBMSInter: status=ok
2026-07-31 17:37:54 CEST    repeat=1 BBMSDppInstant: running...
2026-07-31 17:37:54 CEST    repeat=1 BBMSDppInstant: status=ok
2026-07-31 17:37:54 CEST    repeat=1 BBMSDppStepwise: running...
2026-07-31 17:37:54 CEST    repeat=1 BBMSDppStepwise: status=ok
2026-07-31 17:37:54 CEST    repeat=1 DijkstraPrims: running...
2026-07-31 17:37:54 CEST    repeat=1 DijkstraPrims: status=ok
2026-07-31 17:37:54 CEST    repeat=2 BBMSCore: running...
2026-07-31 17:37:54 CEST    repeat=2 BBMSCore: status=ok
2026-07-31 17:37:54 CEST    repeat=2 BBMSInter: running...
2026-07-31 17:37:55 CEST    repeat=2 BBMSInter: status=ok
2026-07-31 17:37:55 CEST    repeat=2 BBMSDppInstant: running...
2026-07-31 17:37:55 CEST    repeat=2 BBMSDppInstant: status=ok
2026-07-31 17:37:55 CEST    repeat=2 BBMSDppStepwise: running...
2026-07-31 17:37:55 CEST    repeat=2 BBMSDppStepwise: status=ok
2026-07-31 17:37:55 CEST    repeat=2 DijkstraPrims: running...
2026-07-31 17:37:56 CEST    repeat=2 DijkstraPrims: status=ok
2026-07-31 17:37:56 CEST  op-count pass
2026-07-31 17:37:56 CEST    BBMSCore: running...
2026-07-31 17:37:56 CEST    BBMSCore: status=ok
2026-07-31 17:37:56 CEST    BBMSInter: running...
2026-07-31 17:37:57 CEST    BBMSInter: status=ok
2026-07-31 17:37:57 CEST    BBMSDppInstant: running...
2026-07-31 17:37:57 CEST    BBMSDppInstant: status=ok
2026-07-31 17:37:57 CEST    BBMSDppStepwise: running...
2026-07-31 17:37:57 CEST    BBMSDppStepwise: status=ok
2026-07-31 17:37:57 CEST    DijkstraPrims: running...
2026-07-31 17:37:57 CEST    DijkstraPrims: status=ok
2026-07-31 17:37:57 CEST  cross-algorithm agreement: ok
2026-07-31 17:37:57 CEST  sample=1
2026-07-31 17:37:57 CEST  runtime/memory pass
2026-07-31 17:37:57 CEST    repeat=0 BBMSCore: running...
2026-07-31 17:37:58 CEST    repeat=0 BBMSCore: status=ok
2026-07-31 17:37:58 CEST    repeat=0 BBMSInter: running...
2026-07-31 17:37:59 CEST    repeat=0 BBMSInter: status=ok
2026-07-31 17:37:59 CEST    repeat=0 BBMSDppInstant: running...
2026-07-31 17:37:59 CEST    repeat=0 BBMSDppInstant: status=ok
2026-07-31 17:37:59 CEST    repeat=0 BBMSDppStepwise: running...
2026-07-31 17:37:59 CEST    repeat=0 BBMSDppStepwise: status=ok
2026-07-31 17:37:59 CEST    repeat=0 DijkstraPrims: running...
2026-07-31 17:37:59 CEST    repeat=0 DijkstraPrims: status=ok
2026-07-31 17:37:59 CEST    repeat=1 BBMSCore: running...
2026-07-31 17:37:59 CEST    repeat=1 BBMSCore: status=ok
2026-07-31 17:37:59 CEST    repeat=1 BBMSInter: running...
2026-07-31 17:38:00 CEST    repeat=1 BBMSInter: status=ok
2026-07-31 17:38:00 CEST    repeat=1 BBMSDppInstant: running...
2026-07-31 17:38:00 CEST    repeat=1 BBMSDppInstant: status=ok
2026-07-31 17:38:00 CEST    repeat=1 BBMSDppStepwise: running...
2026-07-31 17:38:00 CEST    repeat=1 BBMSDppStepwise: status=ok
2026-07-31 17:38:00 CEST    repeat=1 DijkstraPrims: running...
2026-07-31 17:38:00 CEST    repeat=1 DijkstraPrims: status=ok
2026-07-31 17:38:00 CEST    repeat=2 BBMSCore: running...
2026-07-31 17:38:01 CEST    repeat=2 BBMSCore: status=ok
2026-07-31 17:38:01 CEST    repeat=2 BBMSInter: running...
2026-07-31 17:38:02 CEST    repeat=2 BBMSInter: status=ok
2026-07-31 17:38:02 CEST    repeat=2 BBMSDppInstant: running...
2026-07-31 17:38:02 CEST    repeat=2 BBMSDppInstant: status=ok
2026-07-31 17:38:02 CEST    repeat=2 BBMSDppStepwise: running...
2026-07-31 17:38:02 CEST    repeat=2 BBMSDppStepwise: status=ok
2026-07-31 17:38:02 CEST    repeat=2 DijkstraPrims: running...
2026-07-31 17:38:02 CEST    repeat=2 DijkstraPrims: status=ok
2026-07-31 17:38:02 CEST  op-count pass
2026-07-31 17:38:02 CEST    BBMSCore: running...
2026-07-31 17:38:03 CEST    BBMSCore: status=ok
2026-07-31 17:38:03 CEST    BBMSInter: running...
2026-07-31 17:38:04 CEST    BBMSInter: status=ok
2026-07-31 17:38:04 CEST    BBMSDppInstant: running...
2026-07-31 17:38:04 CEST    BBMSDppInstant: status=ok
2026-07-31 17:38:04 CEST    BBMSDppStepwise: running...
2026-07-31 17:38:04 CEST    BBMSDppStepwise: status=ok
2026-07-31 17:38:04 CEST    DijkstraPrims: running...
2026-07-31 17:38:04 CEST    DijkstraPrims: status=ok
2026-07-31 17:38:04 CEST  cross-algorithm agreement: ok
2026-07-31 17:38:04 CEST  sample=2
2026-07-31 17:38:04 CEST  runtime/memory pass
2026-07-31 17:38:04 CEST    repeat=0 BBMSCore: running...
2026-07-31 17:38:04 CEST    repeat=0 BBMSCore: status=ok
2026-07-31 17:38:04 CEST    repeat=0 BBMSInter: running...
2026-07-31 17:38:05 CEST    repeat=0 BBMSInter: status=ok
2026-07-31 17:38:05 CEST    repeat=0 BBMSDppInstant: running...
2026-07-31 17:38:05 CEST    repeat=0 BBMSDppInstant: status=ok
2026-07-31 17:38:05 CEST    repeat=0 BBMSDppStepwise: running...
2026-07-31 17:38:05 CEST    repeat=0 BBMSDppStepwise: status=ok
2026-07-31 17:38:05 CEST    repeat=0 DijkstraPrims: running...
2026-07-31 17:38:05 CEST    repeat=0 DijkstraPrims: status=ok
2026-07-31 17:38:05 CEST    repeat=1 BBMSCore: running...
2026-07-31 17:38:06 CEST    repeat=1 BBMSCore: status=ok
2026-07-31 17:38:06 CEST    repeat=1 BBMSInter: running...
2026-07-31 17:38:07 CEST    repeat=1 BBMSInter: status=ok
2026-07-31 17:38:07 CEST    repeat=1 BBMSDppInstant: running...
2026-07-31 17:38:07 CEST    repeat=1 BBMSDppInstant: status=ok
2026-07-31 17:38:07 CEST    repeat=1 BBMSDppStepwise: running...
2026-07-31 17:38:07 CEST    repeat=1 BBMSDppStepwise: status=ok
2026-07-31 17:38:07 CEST    repeat=1 DijkstraPrims: running...
2026-07-31 17:38:07 CEST    repeat=1 DijkstraPrims: status=ok
2026-07-31 17:38:07 CEST    repeat=2 BBMSCore: running...
2026-07-31 17:38:08 CEST    repeat=2 BBMSCore: status=ok
2026-07-31 17:38:08 CEST    repeat=2 BBMSInter: running...
2026-07-31 17:38:08 CEST    repeat=2 BBMSInter: status=ok
2026-07-31 17:38:08 CEST    repeat=2 BBMSDppInstant: running...
2026-07-31 17:38:09 CEST    repeat=2 BBMSDppInstant: status=ok
2026-07-31 17:38:09 CEST    repeat=2 BBMSDppStepwise: running...
2026-07-31 17:38:09 CEST    repeat=2 BBMSDppStepwise: status=ok
2026-07-31 17:38:09 CEST    repeat=2 DijkstraPrims: running...
2026-07-31 17:38:09 CEST    repeat=2 DijkstraPrims: status=ok
2026-07-31 17:38:09 CEST  op-count pass
2026-07-31 17:38:09 CEST    BBMSCore: running...
2026-07-31 17:38:09 CEST    BBMSCore: status=ok
2026-07-31 17:38:09 CEST    BBMSInter: running...
2026-07-31 17:38:10 CEST    BBMSInter: status=ok
2026-07-31 17:38:10 CEST    BBMSDppInstant: running...
2026-07-31 17:38:10 CEST    BBMSDppInstant: status=ok
2026-07-31 17:38:10 CEST    BBMSDppStepwise: running...
2026-07-31 17:38:10 CEST    BBMSDppStepwise: status=ok
2026-07-31 17:38:10 CEST    DijkstraPrims: running...
2026-07-31 17:38:10 CEST    DijkstraPrims: status=ok
2026-07-31 17:38:10 CEST  cross-algorithm agreement: ok
2026-07-31 17:38:10 CEST  sample=3
2026-07-31 17:38:10 CEST  runtime/memory pass
2026-07-31 17:38:10 CEST    repeat=0 BBMSCore: running...
2026-07-31 17:38:11 CEST    repeat=0 BBMSCore: status=ok
2026-07-31 17:38:11 CEST    repeat=0 BBMSInter: running...
2026-07-31 17:38:12 CEST    repeat=0 BBMSInter: status=ok
2026-07-31 17:38:12 CEST    repeat=0 BBMSDppInstant: running...
2026-07-31 17:38:12 CEST    repeat=0 BBMSDppInstant: status=ok
2026-07-31 17:38:12 CEST    repeat=0 BBMSDppStepwise: running...
2026-07-31 17:38:12 CEST    repeat=0 BBMSDppStepwise: status=ok
2026-07-31 17:38:12 CEST    repeat=0 DijkstraPrims: running...
2026-07-31 17:38:12 CEST    repeat=0 DijkstraPrims: status=ok
2026-07-31 17:38:12 CEST    repeat=1 BBMSCore: running...
2026-07-31 17:38:12 CEST    repeat=1 BBMSCore: status=ok
2026-07-31 17:38:12 CEST    repeat=1 BBMSInter: running...
2026-07-31 17:38:13 CEST    repeat=1 BBMSInter: status=ok
2026-07-31 17:38:13 CEST    repeat=1 BBMSDppInstant: running...
2026-07-31 17:38:14 CEST    repeat=1 BBMSDppInstant: status=ok
2026-07-31 17:38:14 CEST    repeat=1 BBMSDppStepwise: running...
2026-07-31 17:38:14 CEST    repeat=1 BBMSDppStepwise: status=ok
2026-07-31 17:38:14 CEST    repeat=1 DijkstraPrims: running...
2026-07-31 17:38:14 CEST    repeat=1 DijkstraPrims: status=ok
2026-07-31 17:38:14 CEST    repeat=2 BBMSCore: running...
2026-07-31 17:38:14 CEST    repeat=2 BBMSCore: status=ok
2026-07-31 17:38:14 CEST    repeat=2 BBMSInter: running...
2026-07-31 17:38:15 CEST    repeat=2 BBMSInter: status=ok
2026-07-31 17:38:15 CEST    repeat=2 BBMSDppInstant: running...
2026-07-31 17:38:15 CEST    repeat=2 BBMSDppInstant: status=ok
2026-07-31 17:38:15 CEST    repeat=2 BBMSDppStepwise: running...
2026-07-31 17:38:15 CEST    repeat=2 BBMSDppStepwise: status=ok
2026-07-31 17:38:15 CEST    repeat=2 DijkstraPrims: running...
2026-07-31 17:38:15 CEST    repeat=2 DijkstraPrims: status=ok
2026-07-31 17:38:15 CEST  op-count pass
2026-07-31 17:38:15 CEST    BBMSCore: running...
2026-07-31 17:38:16 CEST    BBMSCore: status=ok
2026-07-31 17:38:16 CEST    BBMSInter: running...
2026-07-31 17:38:17 CEST    BBMSInter: status=ok
2026-07-31 17:38:17 CEST    BBMSDppInstant: running...
2026-07-31 17:38:17 CEST    BBMSDppInstant: status=ok
2026-07-31 17:38:17 CEST    BBMSDppStepwise: running...
2026-07-31 17:38:17 CEST    BBMSDppStepwise: status=ok
2026-07-31 17:38:17 CEST    DijkstraPrims: running...
2026-07-31 17:38:17 CEST    DijkstraPrims: status=ok
2026-07-31 17:38:17 CEST  cross-algorithm agreement: ok
2026-07-31 17:38:17 CEST  sample=4
2026-07-31 17:38:17 CEST  runtime/memory pass
2026-07-31 17:38:17 CEST    repeat=0 BBMSCore: running...
2026-07-31 17:38:17 CEST    repeat=0 BBMSCore: status=ok
2026-07-31 17:38:17 CEST    repeat=0 BBMSInter: running...
2026-07-31 17:38:18 CEST    repeat=0 BBMSInter: status=ok
2026-07-31 17:38:18 CEST    repeat=0 BBMSDppInstant: running...
2026-07-31 17:38:18 CEST    repeat=0 BBMSDppInstant: status=ok
2026-07-31 17:38:18 CEST    repeat=0 BBMSDppStepwise: running...
2026-07-31 17:38:19 CEST    repeat=0 BBMSDppStepwise: status=ok
2026-07-31 17:38:19 CEST    repeat=0 DijkstraPrims: running...
2026-07-31 17:38:19 CEST    repeat=0 DijkstraPrims: status=ok
2026-07-31 17:38:19 CEST    repeat=1 BBMSCore: running...
2026-07-31 17:38:19 CEST    repeat=1 BBMSCore: status=ok
2026-07-31 17:38:19 CEST    repeat=1 BBMSInter: running...
2026-07-31 17:38:20 CEST    repeat=1 BBMSInter: status=ok
2026-07-31 17:38:20 CEST    repeat=1 BBMSDppInstant: running...
2026-07-31 17:38:20 CEST    repeat=1 BBMSDppInstant: status=ok
2026-07-31 17:38:20 CEST    repeat=1 BBMSDppStepwise: running...
2026-07-31 17:38:20 CEST    repeat=1 BBMSDppStepwise: status=ok
2026-07-31 17:38:20 CEST    repeat=1 DijkstraPrims: running...
2026-07-31 17:38:20 CEST    repeat=1 DijkstraPrims: status=ok
2026-07-31 17:38:20 CEST    repeat=2 BBMSCore: running...
2026-07-31 17:38:21 CEST    repeat=2 BBMSCore: status=ok
2026-07-31 17:38:21 CEST    repeat=2 BBMSInter: running...
2026-07-31 17:38:22 CEST    repeat=2 BBMSInter: status=ok
2026-07-31 17:38:22 CEST    repeat=2 BBMSDppInstant: running...
2026-07-31 17:38:22 CEST    repeat=2 BBMSDppInstant: status=ok
2026-07-31 17:38:22 CEST    repeat=2 BBMSDppStepwise: running...
2026-07-31 17:38:22 CEST    repeat=2 BBMSDppStepwise: status=ok
2026-07-31 17:38:22 CEST    repeat=2 DijkstraPrims: running...
2026-07-31 17:38:22 CEST    repeat=2 DijkstraPrims: status=ok
2026-07-31 17:38:22 CEST  op-count pass
2026-07-31 17:38:22 CEST    BBMSCore: running...
2026-07-31 17:38:22 CEST    BBMSCore: status=ok
2026-07-31 17:38:22 CEST    BBMSInter: running...
2026-07-31 17:38:23 CEST    BBMSInter: status=ok
2026-07-31 17:38:23 CEST    BBMSDppInstant: running...
2026-07-31 17:38:23 CEST    BBMSDppInstant: status=ok
2026-07-31 17:38:23 CEST    BBMSDppStepwise: running...
2026-07-31 17:38:24 CEST    BBMSDppStepwise: status=ok
2026-07-31 17:38:24 CEST    DijkstraPrims: running...
2026-07-31 17:38:24 CEST    DijkstraPrims: status=ok
2026-07-31 17:38:24 CEST  cross-algorithm agreement: ok
2026-07-31 17:38:24 CEST  --- N=830 ---
2026-07-31 17:38:24 CEST  sample=0
2026-07-31 17:38:24 CEST  runtime/memory pass
2026-07-31 17:38:24 CEST    repeat=0 BBMSCore: running...
2026-07-31 17:38:26 CEST    repeat=0 BBMSCore: status=ok
2026-07-31 17:38:26 CEST    repeat=0 BBMSInter: running...
2026-07-31 17:38:31 CEST    repeat=0 BBMSInter: status=ok
2026-07-31 17:38:31 CEST    repeat=0 BBMSDppInstant: running...
2026-07-31 17:38:31 CEST    repeat=0 BBMSDppInstant: status=ok
2026-07-31 17:38:31 CEST    repeat=0 BBMSDppStepwise: running...
2026-07-31 17:38:31 CEST    repeat=0 BBMSDppStepwise: status=ok
2026-07-31 17:38:31 CEST    repeat=0 DijkstraPrims: running...
2026-07-31 17:38:31 CEST    repeat=0 DijkstraPrims: status=ok
2026-07-31 17:38:31 CEST    repeat=1 BBMSCore: running...
2026-07-31 17:38:34 CEST    repeat=1 BBMSCore: status=ok
2026-07-31 17:38:34 CEST    repeat=1 BBMSInter: running...
2026-07-31 17:38:39 CEST    repeat=1 BBMSInter: status=ok
2026-07-31 17:38:39 CEST    repeat=1 BBMSDppInstant: running...
2026-07-31 17:38:39 CEST    repeat=1 BBMSDppInstant: status=ok
2026-07-31 17:38:39 CEST    repeat=1 BBMSDppStepwise: running...
2026-07-31 17:38:40 CEST    repeat=1 BBMSDppStepwise: status=ok
2026-07-31 17:38:40 CEST    repeat=1 DijkstraPrims: running...
2026-07-31 17:38:40 CEST    repeat=1 DijkstraPrims: status=ok
2026-07-31 17:38:40 CEST    repeat=2 BBMSCore: running...
2026-07-31 17:38:42 CEST    repeat=2 BBMSCore: status=ok
2026-07-31 17:38:42 CEST    repeat=2 BBMSInter: running...
2026-07-31 17:38:47 CEST    repeat=2 BBMSInter: status=ok
2026-07-31 17:38:47 CEST    repeat=2 BBMSDppInstant: running...
2026-07-31 17:38:47 CEST    repeat=2 BBMSDppInstant: status=ok
2026-07-31 17:38:47 CEST    repeat=2 BBMSDppStepwise: running...
2026-07-31 17:38:48 CEST    repeat=2 BBMSDppStepwise: status=ok
2026-07-31 17:38:48 CEST    repeat=2 DijkstraPrims: running...
2026-07-31 17:38:48 CEST    repeat=2 DijkstraPrims: status=ok
2026-07-31 17:38:48 CEST  op-count pass
2026-07-31 17:38:48 CEST    BBMSCore: running...
2026-07-31 17:38:50 CEST    BBMSCore: status=ok
2026-07-31 17:38:50 CEST    BBMSInter: running...
2026-07-31 17:38:55 CEST    BBMSInter: status=ok
2026-07-31 17:38:55 CEST    BBMSDppInstant: running...
2026-07-31 17:38:56 CEST    BBMSDppInstant: status=ok
2026-07-31 17:38:56 CEST    BBMSDppStepwise: running...
2026-07-31 17:38:56 CEST    BBMSDppStepwise: status=ok
2026-07-31 17:38:56 CEST    DijkstraPrims: running...
2026-07-31 17:38:56 CEST    DijkstraPrims: status=ok
2026-07-31 17:38:56 CEST  cross-algorithm agreement: ok
2026-07-31 17:38:56 CEST  sample=1
2026-07-31 17:38:56 CEST  runtime/memory pass
2026-07-31 17:38:56 CEST    repeat=0 BBMSCore: running...
2026-07-31 17:38:58 CEST    repeat=0 BBMSCore: status=ok
2026-07-31 17:38:58 CEST    repeat=0 BBMSInter: running...
2026-07-31 17:39:03 CEST    repeat=0 BBMSInter: status=ok
2026-07-31 17:39:03 CEST    repeat=0 BBMSDppInstant: running...
2026-07-31 17:39:04 CEST    repeat=0 BBMSDppInstant: status=ok
2026-07-31 17:39:04 CEST    repeat=0 BBMSDppStepwise: running...
2026-07-31 17:39:04 CEST    repeat=0 BBMSDppStepwise: status=ok
2026-07-31 17:39:04 CEST    repeat=0 DijkstraPrims: running...
2026-07-31 17:39:04 CEST    repeat=0 DijkstraPrims: status=ok
2026-07-31 17:39:04 CEST    repeat=1 BBMSCore: running...
2026-07-31 17:39:06 CEST    repeat=1 BBMSCore: status=ok
2026-07-31 17:39:06 CEST    repeat=1 BBMSInter: running...
2026-07-31 17:39:11 CEST    repeat=1 BBMSInter: status=ok
2026-07-31 17:39:11 CEST    repeat=1 BBMSDppInstant: running...
2026-07-31 17:39:12 CEST    repeat=1 BBMSDppInstant: status=ok
2026-07-31 17:39:12 CEST    repeat=1 BBMSDppStepwise: running...
2026-07-31 17:39:12 CEST    repeat=1 BBMSDppStepwise: status=ok
2026-07-31 17:39:12 CEST    repeat=1 DijkstraPrims: running...
2026-07-31 17:39:12 CEST    repeat=1 DijkstraPrims: status=ok
2026-07-31 17:39:12 CEST    repeat=2 BBMSCore: running...
2026-07-31 17:39:14 CEST    repeat=2 BBMSCore: status=ok
2026-07-31 17:39:14 CEST    repeat=2 BBMSInter: running...
2026-07-31 17:39:19 CEST    repeat=2 BBMSInter: status=ok
2026-07-31 17:39:19 CEST    repeat=2 BBMSDppInstant: running...
2026-07-31 17:39:19 CEST    repeat=2 BBMSDppInstant: status=ok
2026-07-31 17:39:19 CEST    repeat=2 BBMSDppStepwise: running...
2026-07-31 17:39:20 CEST    repeat=2 BBMSDppStepwise: status=ok
2026-07-31 17:39:20 CEST    repeat=2 DijkstraPrims: running...
2026-07-31 17:39:20 CEST    repeat=2 DijkstraPrims: status=ok
2026-07-31 17:39:20 CEST  op-count pass
2026-07-31 17:39:20 CEST    BBMSCore: running...
2026-07-31 17:39:22 CEST    BBMSCore: status=ok
2026-07-31 17:39:22 CEST    BBMSInter: running...
2026-07-31 17:39:27 CEST    BBMSInter: status=ok
2026-07-31 17:39:27 CEST    BBMSDppInstant: running...
2026-07-31 17:39:27 CEST    BBMSDppInstant: status=ok
2026-07-31 17:39:27 CEST    BBMSDppStepwise: running...
2026-07-31 17:39:27 CEST    BBMSDppStepwise: status=ok
2026-07-31 17:39:27 CEST    DijkstraPrims: running...
2026-07-31 17:39:28 CEST    DijkstraPrims: status=ok
2026-07-31 17:39:28 CEST  cross-algorithm agreement: ok
2026-07-31 17:39:28 CEST  sample=2
2026-07-31 17:39:28 CEST  runtime/memory pass
2026-07-31 17:39:28 CEST    repeat=0 BBMSCore: running...
2026-07-31 17:39:30 CEST    repeat=0 BBMSCore: status=ok
2026-07-31 17:39:30 CEST    repeat=0 BBMSInter: running...
2026-07-31 17:39:35 CEST    repeat=0 BBMSInter: status=ok
2026-07-31 17:39:35 CEST    repeat=0 BBMSDppInstant: running...
2026-07-31 17:39:35 CEST    repeat=0 BBMSDppInstant: status=ok
2026-07-31 17:39:35 CEST    repeat=0 BBMSDppStepwise: running...
2026-07-31 17:39:35 CEST    repeat=0 BBMSDppStepwise: status=ok
2026-07-31 17:39:35 CEST    repeat=0 DijkstraPrims: running...
2026-07-31 17:39:35 CEST    repeat=0 DijkstraPrims: status=ok
2026-07-31 17:39:35 CEST    repeat=1 BBMSCore: running...
2026-07-31 17:39:38 CEST    repeat=1 BBMSCore: status=ok
2026-07-31 17:39:38 CEST    repeat=1 BBMSInter: running...
2026-07-31 17:39:43 CEST    repeat=1 BBMSInter: status=ok
2026-07-31 17:39:43 CEST    repeat=1 BBMSDppInstant: running...
2026-07-31 17:39:43 CEST    repeat=1 BBMSDppInstant: status=ok
2026-07-31 17:39:43 CEST    repeat=1 BBMSDppStepwise: running...
2026-07-31 17:39:43 CEST    repeat=1 BBMSDppStepwise: status=ok
2026-07-31 17:39:43 CEST    repeat=1 DijkstraPrims: running...
2026-07-31 17:39:43 CEST    repeat=1 DijkstraPrims: status=ok
2026-07-31 17:39:43 CEST    repeat=2 BBMSCore: running...
2026-07-31 17:39:46 CEST    repeat=2 BBMSCore: status=ok
2026-07-31 17:39:46 CEST    repeat=2 BBMSInter: running...
2026-07-31 17:39:51 CEST    repeat=2 BBMSInter: status=ok
2026-07-31 17:39:51 CEST    repeat=2 BBMSDppInstant: running...
2026-07-31 17:39:51 CEST    repeat=2 BBMSDppInstant: status=ok
2026-07-31 17:39:51 CEST    repeat=2 BBMSDppStepwise: running...
2026-07-31 17:39:52 CEST    repeat=2 BBMSDppStepwise: status=ok
2026-07-31 17:39:52 CEST    repeat=2 DijkstraPrims: running...
2026-07-31 17:39:52 CEST    repeat=2 DijkstraPrims: status=ok
2026-07-31 17:39:52 CEST  op-count pass
2026-07-31 17:39:52 CEST    BBMSCore: running...
2026-07-31 17:39:54 CEST    BBMSCore: status=ok
2026-07-31 17:39:54 CEST    BBMSInter: running...
2026-07-31 17:39:59 CEST    BBMSInter: status=ok
2026-07-31 17:39:59 CEST    BBMSDppInstant: running...
2026-07-31 17:39:59 CEST    BBMSDppInstant: status=ok
2026-07-31 17:39:59 CEST    BBMSDppStepwise: running...
2026-07-31 17:40:00 CEST    BBMSDppStepwise: status=ok
2026-07-31 17:40:00 CEST    DijkstraPrims: running...
2026-07-31 17:40:00 CEST    DijkstraPrims: status=ok
2026-07-31 17:40:00 CEST  cross-algorithm agreement: ok
2026-07-31 17:40:00 CEST  sample=3
2026-07-31 17:40:00 CEST  runtime/memory pass
2026-07-31 17:40:00 CEST    repeat=0 BBMSCore: running...
2026-07-31 17:40:02 CEST    repeat=0 BBMSCore: status=ok
2026-07-31 17:40:02 CEST    repeat=0 BBMSInter: running...
2026-07-31 17:40:07 CEST    repeat=0 BBMSInter: status=ok
2026-07-31 17:40:07 CEST    repeat=0 BBMSDppInstant: running...
2026-07-31 17:40:07 CEST    repeat=0 BBMSDppInstant: status=ok
2026-07-31 17:40:07 CEST    repeat=0 BBMSDppStepwise: running...
2026-07-31 17:40:08 CEST    repeat=0 BBMSDppStepwise: status=ok
2026-07-31 17:40:08 CEST    repeat=0 DijkstraPrims: running...
2026-07-31 17:40:08 CEST    repeat=0 DijkstraPrims: status=ok
2026-07-31 17:40:08 CEST    repeat=1 BBMSCore: running...
2026-07-31 17:40:10 CEST    repeat=1 BBMSCore: status=ok
2026-07-31 17:40:10 CEST    repeat=1 BBMSInter: running...
2026-07-31 17:40:15 CEST    repeat=1 BBMSInter: status=ok
2026-07-31 17:40:15 CEST    repeat=1 BBMSDppInstant: running...
2026-07-31 17:40:15 CEST    repeat=1 BBMSDppInstant: status=ok
2026-07-31 17:40:15 CEST    repeat=1 BBMSDppStepwise: running...
2026-07-31 17:40:16 CEST    repeat=1 BBMSDppStepwise: status=ok
2026-07-31 17:40:16 CEST    repeat=1 DijkstraPrims: running...
2026-07-31 17:40:16 CEST    repeat=1 DijkstraPrims: status=ok
2026-07-31 17:40:16 CEST    repeat=2 BBMSCore: running...
2026-07-31 17:40:18 CEST    repeat=2 BBMSCore: status=ok
2026-07-31 17:40:18 CEST    repeat=2 BBMSInter: running...
2026-07-31 17:40:23 CEST    repeat=2 BBMSInter: status=ok
2026-07-31 17:40:23 CEST    repeat=2 BBMSDppInstant: running...
2026-07-31 17:40:23 CEST    repeat=2 BBMSDppInstant: status=ok
2026-07-31 17:40:23 CEST    repeat=2 BBMSDppStepwise: running...
2026-07-31 17:40:24 CEST    repeat=2 BBMSDppStepwise: status=ok
2026-07-31 17:40:24 CEST    repeat=2 DijkstraPrims: running...
2026-07-31 17:40:24 CEST    repeat=2 DijkstraPrims: status=ok
2026-07-31 17:40:24 CEST  op-count pass
2026-07-31 17:40:24 CEST    BBMSCore: running...
2026-07-31 17:40:26 CEST    BBMSCore: status=ok
2026-07-31 17:40:26 CEST    BBMSInter: running...
2026-07-31 17:40:31 CEST    BBMSInter: status=ok
2026-07-31 17:40:31 CEST    BBMSDppInstant: running...
2026-07-31 17:40:31 CEST    BBMSDppInstant: status=ok
2026-07-31 17:40:31 CEST    BBMSDppStepwise: running...
2026-07-31 17:40:31 CEST    BBMSDppStepwise: status=ok
2026-07-31 17:40:31 CEST    DijkstraPrims: running...
2026-07-31 17:40:32 CEST    DijkstraPrims: status=ok
2026-07-31 17:40:32 CEST  cross-algorithm agreement: ok
2026-07-31 17:40:32 CEST  sample=4
2026-07-31 17:40:32 CEST  runtime/memory pass
2026-07-31 17:40:32 CEST    repeat=0 BBMSCore: running...
2026-07-31 17:40:34 CEST    repeat=0 BBMSCore: status=ok
2026-07-31 17:40:34 CEST    repeat=0 BBMSInter: running...
2026-07-31 17:40:40 CEST    repeat=0 BBMSInter: status=ok
2026-07-31 17:40:40 CEST    repeat=0 BBMSDppInstant: running...
2026-07-31 17:40:40 CEST    repeat=0 BBMSDppInstant: status=ok
2026-07-31 17:40:40 CEST    repeat=0 BBMSDppStepwise: running...
2026-07-31 17:40:40 CEST    repeat=0 BBMSDppStepwise: status=ok
2026-07-31 17:40:40 CEST    repeat=0 DijkstraPrims: running...
2026-07-31 17:40:41 CEST    repeat=0 DijkstraPrims: status=ok
2026-07-31 17:40:41 CEST    repeat=1 BBMSCore: running...
2026-07-31 17:40:43 CEST    repeat=1 BBMSCore: status=ok
2026-07-31 17:40:43 CEST    repeat=1 BBMSInter: running...
2026-07-31 17:40:48 CEST    repeat=1 BBMSInter: status=ok
2026-07-31 17:40:48 CEST    repeat=1 BBMSDppInstant: running...
2026-07-31 17:40:48 CEST    repeat=1 BBMSDppInstant: status=ok
2026-07-31 17:40:48 CEST    repeat=1 BBMSDppStepwise: running...
2026-07-31 17:40:48 CEST    repeat=1 BBMSDppStepwise: status=ok
2026-07-31 17:40:48 CEST    repeat=1 DijkstraPrims: running...
2026-07-31 17:40:49 CEST    repeat=1 DijkstraPrims: status=ok
2026-07-31 17:40:49 CEST    repeat=2 BBMSCore: running...
2026-07-31 17:40:51 CEST    repeat=2 BBMSCore: status=ok
2026-07-31 17:40:51 CEST    repeat=2 BBMSInter: running...
2026-07-31 17:40:56 CEST    repeat=2 BBMSInter: status=ok
2026-07-31 17:40:56 CEST    repeat=2 BBMSDppInstant: running...
2026-07-31 17:40:56 CEST    repeat=2 BBMSDppInstant: status=ok
2026-07-31 17:40:56 CEST    repeat=2 BBMSDppStepwise: running...
2026-07-31 17:40:56 CEST    repeat=2 BBMSDppStepwise: status=ok
2026-07-31 17:40:56 CEST    repeat=2 DijkstraPrims: running...
2026-07-31 17:40:56 CEST    repeat=2 DijkstraPrims: status=ok
2026-07-31 17:40:56 CEST  op-count pass
2026-07-31 17:40:56 CEST    BBMSCore: running...
2026-07-31 17:40:59 CEST    BBMSCore: status=ok
2026-07-31 17:40:59 CEST    BBMSInter: running...
2026-07-31 17:41:03 CEST    BBMSInter: status=ok
2026-07-31 17:41:03 CEST    BBMSDppInstant: running...
2026-07-31 17:41:04 CEST    BBMSDppInstant: status=ok
2026-07-31 17:41:04 CEST    BBMSDppStepwise: running...
2026-07-31 17:41:04 CEST    BBMSDppStepwise: status=ok
2026-07-31 17:41:04 CEST    DijkstraPrims: running...
2026-07-31 17:41:04 CEST    DijkstraPrims: status=ok
2026-07-31 17:41:04 CEST  cross-algorithm agreement: ok
2026-07-31 17:41:04 CEST  --- N=1400 ---
2026-07-31 17:41:04 CEST  sample=0
2026-07-31 17:41:04 CEST  runtime/memory pass
2026-07-31 17:41:04 CEST    repeat=0 BBMSCore: running...
2026-07-31 17:41:27 CEST    repeat=0 BBMSCore: status=ok
2026-07-31 17:41:27 CEST    repeat=0 BBMSInter: running...
2026-07-31 17:42:18 CEST    repeat=0 BBMSInter: status=ok
2026-07-31 17:42:18 CEST    repeat=0 BBMSDppInstant: running...
2026-07-31 17:42:19 CEST    repeat=0 BBMSDppInstant: status=ok
2026-07-31 17:42:19 CEST    repeat=0 BBMSDppStepwise: running...
2026-07-31 17:42:20 CEST    repeat=0 BBMSDppStepwise: status=ok
2026-07-31 17:42:20 CEST    repeat=0 DijkstraPrims: running...
2026-07-31 17:42:20 CEST    repeat=0 DijkstraPrims: status=ok
2026-07-31 17:42:20 CEST    repeat=1 BBMSCore: running...
2026-07-31 17:42:43 CEST    repeat=1 BBMSCore: status=ok
2026-07-31 17:42:43 CEST    repeat=1 BBMSInter: running...
2026-07-31 17:43:33 CEST    repeat=1 BBMSInter: status=ok
2026-07-31 17:43:33 CEST    repeat=1 BBMSDppInstant: running...
2026-07-31 17:43:34 CEST    repeat=1 BBMSDppInstant: status=ok
2026-07-31 17:43:34 CEST    repeat=1 BBMSDppStepwise: running...
2026-07-31 17:43:34 CEST    repeat=1 BBMSDppStepwise: status=ok
2026-07-31 17:43:34 CEST    repeat=1 DijkstraPrims: running...
2026-07-31 17:43:35 CEST    repeat=1 DijkstraPrims: status=ok
2026-07-31 17:43:35 CEST    repeat=2 BBMSCore: running...
2026-07-31 17:43:57 CEST    repeat=2 BBMSCore: status=ok
2026-07-31 17:43:57 CEST    repeat=2 BBMSInter: running...
2026-07-31 17:44:48 CEST    repeat=2 BBMSInter: status=ok
2026-07-31 17:44:48 CEST    repeat=2 BBMSDppInstant: running...
2026-07-31 17:44:49 CEST    repeat=2 BBMSDppInstant: status=ok
2026-07-31 17:44:49 CEST    repeat=2 BBMSDppStepwise: running...
2026-07-31 17:44:50 CEST    repeat=2 BBMSDppStepwise: status=ok
2026-07-31 17:44:50 CEST    repeat=2 DijkstraPrims: running...
2026-07-31 17:44:50 CEST    repeat=2 DijkstraPrims: status=ok
2026-07-31 17:44:50 CEST  op-count pass
2026-07-31 17:44:50 CEST    BBMSCore: running...
2026-07-31 17:45:11 CEST    BBMSCore: status=ok
2026-07-31 17:45:11 CEST    BBMSInter: running...
2026-07-31 17:46:00 CEST    BBMSInter: status=ok
2026-07-31 17:46:00 CEST    BBMSDppInstant: running...
2026-07-31 17:46:00 CEST    BBMSDppInstant: status=ok
2026-07-31 17:46:00 CEST    BBMSDppStepwise: running...
2026-07-31 17:46:01 CEST    BBMSDppStepwise: status=ok
2026-07-31 17:46:01 CEST    DijkstraPrims: running...
2026-07-31 17:46:02 CEST    DijkstraPrims: status=ok
2026-07-31 17:46:02 CEST  cross-algorithm agreement: ok
2026-07-31 17:46:02 CEST  sample=1
2026-07-31 17:46:02 CEST  runtime/memory pass
2026-07-31 17:46:02 CEST    repeat=0 BBMSCore: running...
2026-07-31 17:46:27 CEST    repeat=0 BBMSCore: status=ok
2026-07-31 17:46:27 CEST    repeat=0 BBMSInter: running...
2026-07-31 17:47:19 CEST    repeat=0 BBMSInter: status=ok
2026-07-31 17:47:19 CEST    repeat=0 BBMSDppInstant: running...
2026-07-31 17:47:20 CEST    repeat=0 BBMSDppInstant: status=ok
2026-07-31 17:47:20 CEST    repeat=0 BBMSDppStepwise: running...
2026-07-31 17:47:20 CEST    repeat=0 BBMSDppStepwise: status=ok
2026-07-31 17:47:20 CEST    repeat=0 DijkstraPrims: running...
2026-07-31 17:47:21 CEST    repeat=0 DijkstraPrims: status=ok
2026-07-31 17:47:21 CEST    repeat=1 BBMSCore: running...
2026-07-31 17:47:44 CEST    repeat=1 BBMSCore: status=ok
2026-07-31 17:47:44 CEST    repeat=1 BBMSInter: running...
2026-07-31 17:48:34 CEST    repeat=1 BBMSInter: status=ok
2026-07-31 17:48:34 CEST    repeat=1 BBMSDppInstant: running...
2026-07-31 17:48:35 CEST    repeat=1 BBMSDppInstant: status=ok
2026-07-31 17:48:35 CEST    repeat=1 BBMSDppStepwise: running...
2026-07-31 17:48:35 CEST    repeat=1 BBMSDppStepwise: status=ok
2026-07-31 17:48:35 CEST    repeat=1 DijkstraPrims: running...
2026-07-31 17:48:36 CEST    repeat=1 DijkstraPrims: status=ok
2026-07-31 17:48:36 CEST    repeat=2 BBMSCore: running...
2026-07-31 17:49:00 CEST    repeat=2 BBMSCore: status=ok
2026-07-31 17:49:00 CEST    repeat=2 BBMSInter: running...
2026-07-31 17:49:49 CEST    repeat=2 BBMSInter: status=ok
2026-07-31 17:49:49 CEST    repeat=2 BBMSDppInstant: running...
2026-07-31 17:49:49 CEST    repeat=2 BBMSDppInstant: status=ok
2026-07-31 17:49:49 CEST    repeat=2 BBMSDppStepwise: running...
2026-07-31 17:49:50 CEST    repeat=2 BBMSDppStepwise: status=ok
2026-07-31 17:49:50 CEST    repeat=2 DijkstraPrims: running...
2026-07-31 17:49:51 CEST    repeat=2 DijkstraPrims: status=ok
2026-07-31 17:49:51 CEST  op-count pass
2026-07-31 17:49:51 CEST    BBMSCore: running...
2026-07-31 17:50:12 CEST    BBMSCore: status=ok
2026-07-31 17:50:12 CEST    BBMSInter: running...
2026-07-31 17:51:02 CEST    BBMSInter: status=ok
2026-07-31 17:51:02 CEST    BBMSDppInstant: running...
2026-07-31 17:51:02 CEST    BBMSDppInstant: status=ok
2026-07-31 17:51:02 CEST    BBMSDppStepwise: running...
2026-07-31 17:51:03 CEST    BBMSDppStepwise: status=ok
2026-07-31 17:51:03 CEST    DijkstraPrims: running...
2026-07-31 17:51:03 CEST    DijkstraPrims: status=ok
2026-07-31 17:51:03 CEST  cross-algorithm agreement: ok
2026-07-31 17:51:03 CEST  sample=2
2026-07-31 17:51:03 CEST  runtime/memory pass
2026-07-31 17:51:03 CEST    repeat=0 BBMSCore: running...
2026-07-31 17:51:24 CEST    repeat=0 BBMSCore: status=ok
2026-07-31 17:51:24 CEST    repeat=0 BBMSInter: running...
2026-07-31 17:52:13 CEST    repeat=0 BBMSInter: status=ok
2026-07-31 17:52:13 CEST    repeat=0 BBMSDppInstant: running...
2026-07-31 17:52:14 CEST    repeat=0 BBMSDppInstant: status=ok
2026-07-31 17:52:14 CEST    repeat=0 BBMSDppStepwise: running...
2026-07-31 17:52:15 CEST    repeat=0 BBMSDppStepwise: status=ok
2026-07-31 17:52:15 CEST    repeat=0 DijkstraPrims: running...
2026-07-31 17:52:15 CEST    repeat=0 DijkstraPrims: status=ok
2026-07-31 17:52:15 CEST    repeat=1 BBMSCore: running...
2026-07-31 17:52:36 CEST    repeat=1 BBMSCore: status=ok
2026-07-31 17:52:36 CEST    repeat=1 BBMSInter: running...
2026-07-31 17:53:25 CEST    repeat=1 BBMSInter: status=ok
2026-07-31 17:53:25 CEST    repeat=1 BBMSDppInstant: running...
2026-07-31 17:53:25 CEST    repeat=1 BBMSDppInstant: status=ok
2026-07-31 17:53:25 CEST    repeat=1 BBMSDppStepwise: running...
2026-07-31 17:53:26 CEST    repeat=1 BBMSDppStepwise: status=ok
2026-07-31 17:53:26 CEST    repeat=1 DijkstraPrims: running...
2026-07-31 17:53:26 CEST    repeat=1 DijkstraPrims: status=ok
2026-07-31 17:53:26 CEST    repeat=2 BBMSCore: running...
2026-07-31 17:53:50 CEST    repeat=2 BBMSCore: status=ok
2026-07-31 17:53:50 CEST    repeat=2 BBMSInter: running...
2026-07-31 17:54:39 CEST    repeat=2 BBMSInter: status=ok
2026-07-31 17:54:39 CEST    repeat=2 BBMSDppInstant: running...
2026-07-31 17:54:39 CEST    repeat=2 BBMSDppInstant: status=ok
2026-07-31 17:54:39 CEST    repeat=2 BBMSDppStepwise: running...
2026-07-31 17:54:40 CEST    repeat=2 BBMSDppStepwise: status=ok
2026-07-31 17:54:40 CEST    repeat=2 DijkstraPrims: running...
2026-07-31 17:54:41 CEST    repeat=2 DijkstraPrims: status=ok
2026-07-31 17:54:41 CEST  op-count pass
2026-07-31 17:54:41 CEST    BBMSCore: running...
2026-07-31 17:55:02 CEST    BBMSCore: status=ok
2026-07-31 17:55:02 CEST    BBMSInter: running...
2026-07-31 17:55:54 CEST    BBMSInter: status=ok
2026-07-31 17:55:54 CEST    BBMSDppInstant: running...
2026-07-31 17:55:55 CEST    BBMSDppInstant: status=ok
2026-07-31 17:55:55 CEST    BBMSDppStepwise: running...
2026-07-31 17:55:56 CEST    BBMSDppStepwise: status=ok
2026-07-31 17:55:56 CEST    DijkstraPrims: running...
2026-07-31 17:55:56 CEST    DijkstraPrims: status=ok
2026-07-31 17:55:56 CEST  cross-algorithm agreement: ok
2026-07-31 17:55:56 CEST  sample=3
2026-07-31 17:55:56 CEST  runtime/memory pass
2026-07-31 17:55:56 CEST    repeat=0 BBMSCore: running...
2026-07-31 17:56:18 CEST    repeat=0 BBMSCore: status=ok
2026-07-31 17:56:18 CEST    repeat=0 BBMSInter: running...
2026-07-31 17:57:07 CEST    repeat=0 BBMSInter: status=ok
2026-07-31 17:57:07 CEST    repeat=0 BBMSDppInstant: running...
2026-07-31 17:57:07 CEST    repeat=0 BBMSDppInstant: status=ok
2026-07-31 17:57:07 CEST    repeat=0 BBMSDppStepwise: running...
2026-07-31 17:57:08 CEST    repeat=0 BBMSDppStepwise: status=ok
2026-07-31 17:57:08 CEST    repeat=0 DijkstraPrims: running...
2026-07-31 17:57:09 CEST    repeat=0 DijkstraPrims: status=ok
2026-07-31 17:57:09 CEST    repeat=1 BBMSCore: running...
2026-07-31 17:57:32 CEST    repeat=1 BBMSCore: status=ok
2026-07-31 17:57:32 CEST    repeat=1 BBMSInter: running...
2026-07-31 17:58:21 CEST    repeat=1 BBMSInter: status=ok
2026-07-31 17:58:21 CEST    repeat=1 BBMSDppInstant: running...
2026-07-31 17:58:21 CEST    repeat=1 BBMSDppInstant: status=ok
2026-07-31 17:58:21 CEST    repeat=1 BBMSDppStepwise: running...
2026-07-31 17:58:22 CEST    repeat=1 BBMSDppStepwise: status=ok
2026-07-31 17:58:22 CEST    repeat=1 DijkstraPrims: running...
2026-07-31 17:58:23 CEST    repeat=1 DijkstraPrims: status=ok
2026-07-31 17:58:23 CEST    repeat=2 BBMSCore: running...
2026-07-31 17:58:44 CEST    repeat=2 BBMSCore: status=ok
2026-07-31 17:58:44 CEST    repeat=2 BBMSInter: running...
2026-07-31 17:59:31 CEST    repeat=2 BBMSInter: status=ok
2026-07-31 17:59:31 CEST    repeat=2 BBMSDppInstant: running...
2026-07-31 17:59:32 CEST    repeat=2 BBMSDppInstant: status=ok
2026-07-31 17:59:32 CEST    repeat=2 BBMSDppStepwise: running...
2026-07-31 17:59:32 CEST    repeat=2 BBMSDppStepwise: status=ok
2026-07-31 17:59:32 CEST    repeat=2 DijkstraPrims: running...
2026-07-31 17:59:33 CEST    repeat=2 DijkstraPrims: status=ok
2026-07-31 17:59:33 CEST  op-count pass
2026-07-31 17:59:33 CEST    BBMSCore: running...
2026-07-31 17:59:55 CEST    BBMSCore: status=ok
2026-07-31 17:59:55 CEST    BBMSInter: running...
