2026-08-01 16:22:46 CEST  Starting real-world run.
2026-08-01 16:22:47 CEST  Discovered 4 dataset(s): drifter (1326 pairs), geolife (231 pairs), ov (110 pairs), pigeons (21 pairs)
2026-08-01 16:22:47 CEST  Existing results: 0 timing row(s), 0 op-count row(s), 0 algorithm/pair combo(s) already known to fail timing
2026-08-01 16:22:47 CEST  === dataset: drifter (1326 pairs) ===
2026-08-01 16:22:47 CEST  --- pair=0 (m=1321, n=940, cells=1241740) ---
2026-08-01 16:22:47 CEST  runtime/memory pass
2026-08-01 16:22:47 CEST    repeat=0 BBMSCore: running...
2026-08-01 16:22:49 CEST    repeat=0 BBMSCore: status=ok
2026-08-01 16:22:49 CEST    repeat=0 BBMSInter: running...
2026-08-01 16:22:50 CEST    repeat=0 BBMSInter: status=ok
2026-08-01 16:22:50 CEST    repeat=0 BBMSDppInstant: running...
2026-08-01 16:22:51 CEST    repeat=0 BBMSDppInstant: status=ok
2026-08-01 16:22:51 CEST    repeat=0 BBMSDppStepwise: running...
2026-08-01 16:22:51 CEST    repeat=0 BBMSDppStepwise: status=ok
2026-08-01 16:22:51 CEST    repeat=0 DijkstraPrims: running...
2026-08-01 16:22:51 CEST    repeat=0 DijkstraPrims: status=ok
2026-08-01 16:22:51 CEST    repeat=1 BBMSCore: running...
2026-08-01 16:22:54 CEST    repeat=1 BBMSCore: status=ok
2026-08-01 16:22:54 CEST    repeat=1 BBMSInter: running...
2026-08-01 16:22:54 CEST    repeat=1 BBMSInter: status=ok
2026-08-01 16:22:54 CEST    repeat=1 BBMSDppInstant: running...
2026-08-01 16:22:55 CEST    repeat=1 BBMSDppInstant: status=ok
2026-08-01 16:22:55 CEST    repeat=1 BBMSDppStepwise: running...
2026-08-01 16:22:55 CEST    repeat=1 BBMSDppStepwise: status=ok
2026-08-01 16:22:55 CEST    repeat=1 DijkstraPrims: running...
2026-08-01 16:22:55 CEST    repeat=1 DijkstraPrims: status=ok
2026-08-01 16:22:55 CEST    repeat=2 BBMSCore: running...
2026-08-01 16:22:58 CEST    repeat=2 BBMSCore: status=ok
2026-08-01 16:22:58 CEST    repeat=2 BBMSInter: running...
2026-08-01 16:22:59 CEST    repeat=2 BBMSInter: status=ok
2026-08-01 16:22:59 CEST    repeat=2 BBMSDppInstant: running...
2026-08-01 16:22:59 CEST    repeat=2 BBMSDppInstant: status=ok
2026-08-01 16:22:59 CEST    repeat=2 BBMSDppStepwise: running...
2026-08-01 16:22:59 CEST    repeat=2 BBMSDppStepwise: status=ok
2026-08-01 16:22:59 CEST    repeat=2 DijkstraPrims: running...
2026-08-01 16:22:59 CEST    repeat=2 DijkstraPrims: status=ok
2026-08-01 16:22:59 CEST  op-count pass
2026-08-01 16:22:59 CEST    BBMSCore: running...
2026-08-01 16:23:02 CEST    BBMSCore: status=ok
2026-08-01 16:23:02 CEST    BBMSInter: running...
2026-08-01 16:23:03 CEST    BBMSInter: status=ok
2026-08-01 16:23:03 CEST    BBMSDppInstant: running...
2026-08-01 16:23:03 CEST    BBMSDppInstant: status=ok
2026-08-01 16:23:03 CEST    BBMSDppStepwise: running...
2026-08-01 16:23:04 CEST    BBMSDppStepwise: status=ok
2026-08-01 16:23:04 CEST    DijkstraPrims: running...
2026-08-01 16:23:04 CEST    DijkstraPrims: status=ok
2026-08-01 16:23:04 CEST  cross-algorithm agreement: ok
2026-08-01 16:23:04 CEST  --- pair=1 (m=1321, n=931, cells=1229851) ---
2026-08-01 16:23:04 CEST  runtime/memory pass
2026-08-01 16:23:04 CEST    repeat=0 BBMSCore: running...
2026-08-01 16:23:05 CEST    repeat=0 BBMSCore: status=ok
2026-08-01 16:23:05 CEST    repeat=0 BBMSInter: running...
2026-08-01 16:23:05 CEST    repeat=0 BBMSInter: status=ok
2026-08-01 16:23:05 CEST    repeat=0 BBMSDppInstant: running...
2026-08-01 16:23:05 CEST    repeat=0 BBMSDppInstant: status=ok
2026-08-01 16:23:05 CEST    repeat=0 BBMSDppStepwise: running...
2026-08-01 16:23:06 CEST    repeat=0 BBMSDppStepwise: status=ok
2026-08-01 16:23:06 CEST    repeat=0 DijkstraPrims: running...
2026-08-01 16:23:06 CEST    repeat=0 DijkstraPrims: status=ok
2026-08-01 16:23:06 CEST    repeat=1 BBMSCore: running...
2026-08-01 16:23:07 CEST    repeat=1 BBMSCore: status=ok
2026-08-01 16:23:07 CEST    repeat=1 BBMSInter: running...
2026-08-01 16:23:07 CEST    repeat=1 BBMSInter: status=ok
2026-08-01 16:23:07 CEST    repeat=1 BBMSDppInstant: running...
2026-08-01 16:23:07 CEST    repeat=1 BBMSDppInstant: status=ok
2026-08-01 16:23:07 CEST    repeat=1 BBMSDppStepwise: running...
2026-08-01 16:23:08 CEST    repeat=1 BBMSDppStepwise: status=ok
2026-08-01 16:23:08 CEST    repeat=1 DijkstraPrims: running...
2026-08-01 16:23:08 CEST    repeat=1 DijkstraPrims: status=ok
2026-08-01 16:23:08 CEST    repeat=2 BBMSCore: running...
2026-08-01 16:23:09 CEST    repeat=2 BBMSCore: status=ok
2026-08-01 16:23:09 CEST    repeat=2 BBMSInter: running...
2026-08-01 16:23:09 CEST    repeat=2 BBMSInter: status=ok
2026-08-01 16:23:09 CEST    repeat=2 BBMSDppInstant: running...
2026-08-01 16:23:09 CEST    repeat=2 BBMSDppInstant: status=ok
2026-08-01 16:23:09 CEST    repeat=2 BBMSDppStepwise: running...
2026-08-01 16:23:10 CEST    repeat=2 BBMSDppStepwise: status=ok
2026-08-01 16:23:10 CEST    repeat=2 DijkstraPrims: running...
2026-08-01 16:23:10 CEST    repeat=2 DijkstraPrims: status=ok
2026-08-01 16:23:10 CEST  op-count pass
2026-08-01 16:23:10 CEST    BBMSCore: running...
2026-08-01 16:23:11 CEST    BBMSCore: status=ok
2026-08-01 16:23:11 CEST    BBMSInter: running...
2026-08-01 16:23:11 CEST    BBMSInter: status=ok
2026-08-01 16:23:11 CEST    BBMSDppInstant: running...
2026-08-01 16:23:12 CEST    BBMSDppInstant: status=ok
2026-08-01 16:23:12 CEST    BBMSDppStepwise: running...
2026-08-01 16:23:12 CEST    BBMSDppStepwise: status=ok
2026-08-01 16:23:12 CEST    DijkstraPrims: running...
2026-08-01 16:23:12 CEST    DijkstraPrims: status=ok
2026-08-01 16:23:12 CEST  cross-algorithm agreement: ok
2026-08-01 16:23:12 CEST  --- pair=2 (m=1321, n=687, cells=907527) ---
2026-08-01 16:23:12 CEST  runtime/memory pass
2026-08-01 16:23:12 CEST    repeat=0 BBMSCore: running...
2026-08-01 16:23:13 CEST    repeat=0 BBMSCore: status=ok
2026-08-01 16:23:13 CEST    repeat=0 BBMSInter: running...
2026-08-01 16:23:13 CEST    repeat=0 BBMSInter: status=ok
2026-08-01 16:23:13 CEST    repeat=0 BBMSDppInstant: running...
2026-08-01 16:23:13 CEST    repeat=0 BBMSDppInstant: status=ok
2026-08-01 16:23:13 CEST    repeat=0 BBMSDppStepwise: running...
2026-08-01 16:23:14 CEST    repeat=0 BBMSDppStepwise: status=ok
2026-08-01 16:23:14 CEST    repeat=0 DijkstraPrims: running...
2026-08-01 16:23:14 CEST    repeat=0 DijkstraPrims: status=ok
2026-08-01 16:23:14 CEST    repeat=1 BBMSCore: running...
2026-08-01 16:23:15 CEST    repeat=1 BBMSCore: status=ok
2026-08-01 16:23:15 CEST    repeat=1 BBMSInter: running...
2026-08-01 16:23:15 CEST    repeat=1 BBMSInter: status=ok
2026-08-01 16:23:15 CEST    repeat=1 BBMSDppInstant: running...
2026-08-01 16:23:15 CEST    repeat=1 BBMSDppInstant: status=ok
2026-08-01 16:23:15 CEST    repeat=1 BBMSDppStepwise: running...
2026-08-01 16:23:16 CEST    repeat=1 BBMSDppStepwise: status=ok
2026-08-01 16:23:16 CEST    repeat=1 DijkstraPrims: running...
2026-08-01 16:23:16 CEST    repeat=1 DijkstraPrims: status=ok
2026-08-01 16:23:16 CEST    repeat=2 BBMSCore: running...
2026-08-01 16:23:17 CEST    repeat=2 BBMSCore: status=ok
2026-08-01 16:23:17 CEST    repeat=2 BBMSInter: running...
2026-08-01 16:23:17 CEST    repeat=2 BBMSInter: status=ok
2026-08-01 16:23:17 CEST    repeat=2 BBMSDppInstant: running...
2026-08-01 16:23:17 CEST    repeat=2 BBMSDppInstant: status=ok
2026-08-01 16:23:17 CEST    repeat=2 BBMSDppStepwise: running...
2026-08-01 16:23:17 CEST    repeat=2 BBMSDppStepwise: status=ok
2026-08-01 16:23:17 CEST    repeat=2 DijkstraPrims: running...
2026-08-01 16:23:17 CEST    repeat=2 DijkstraPrims: status=ok
2026-08-01 16:23:17 CEST  op-count pass
2026-08-01 16:23:17 CEST    BBMSCore: running...
2026-08-01 16:23:18 CEST    BBMSCore: status=ok
2026-08-01 16:23:18 CEST    BBMSInter: running...
2026-08-01 16:23:19 CEST    BBMSInter: status=ok
2026-08-01 16:23:19 CEST    BBMSDppInstant: running...
2026-08-01 16:23:19 CEST    BBMSDppInstant: status=ok
2026-08-01 16:23:19 CEST    BBMSDppStepwise: running...
2026-08-01 16:23:19 CEST    BBMSDppStepwise: status=ok
2026-08-01 16:23:19 CEST    DijkstraPrims: running...
2026-08-01 16:23:19 CEST    DijkstraPrims: status=ok
2026-08-01 16:23:19 CEST  cross-algorithm agreement: ok
2026-08-01 16:23:19 CEST  --- pair=3 (m=1321, n=1033, cells=1364593) ---
2026-08-01 16:23:19 CEST  runtime/memory pass
2026-08-01 16:23:19 CEST    repeat=0 BBMSCore: running...
2026-08-01 16:23:21 CEST    repeat=0 BBMSCore: status=ok
2026-08-01 16:23:21 CEST    repeat=0 BBMSInter: running...
2026-08-01 16:23:22 CEST    repeat=0 BBMSInter: status=ok
2026-08-01 16:23:22 CEST    repeat=0 BBMSDppInstant: running...
2026-08-01 16:23:22 CEST    repeat=0 BBMSDppInstant: status=ok
2026-08-01 16:23:22 CEST    repeat=0 BBMSDppStepwise: running...
2026-08-01 16:23:22 CEST    repeat=0 BBMSDppStepwise: status=ok
2026-08-01 16:23:22 CEST    repeat=0 DijkstraPrims: running...
2026-08-01 16:23:22 CEST    repeat=0 DijkstraPrims: status=ok
2026-08-01 16:23:22 CEST    repeat=1 BBMSCore: running...
2026-08-01 16:23:24 CEST    repeat=1 BBMSCore: status=ok
2026-08-01 16:23:24 CEST    repeat=1 BBMSInter: running...
2026-08-01 16:23:25 CEST    repeat=1 BBMSInter: status=ok
2026-08-01 16:23:25 CEST    repeat=1 BBMSDppInstant: running...
2026-08-01 16:23:25 CEST    repeat=1 BBMSDppInstant: status=ok
2026-08-01 16:23:25 CEST    repeat=1 BBMSDppStepwise: running...
2026-08-01 16:23:25 CEST    repeat=1 BBMSDppStepwise: status=ok
2026-08-01 16:23:25 CEST    repeat=1 DijkstraPrims: running...
2026-08-01 16:23:26 CEST    repeat=1 DijkstraPrims: status=ok
2026-08-01 16:23:26 CEST    repeat=2 BBMSCore: running...
2026-08-01 16:23:28 CEST    repeat=2 BBMSCore: status=ok
2026-08-01 16:23:28 CEST    repeat=2 BBMSInter: running...
2026-08-01 16:23:28 CEST    repeat=2 BBMSInter: status=ok
2026-08-01 16:23:28 CEST    repeat=2 BBMSDppInstant: running...
2026-08-01 16:23:28 CEST    repeat=2 BBMSDppInstant: status=ok
2026-08-01 16:23:28 CEST    repeat=2 BBMSDppStepwise: running...
2026-08-01 16:23:29 CEST    repeat=2 BBMSDppStepwise: status=ok
2026-08-01 16:23:29 CEST    repeat=2 DijkstraPrims: running...
2026-08-01 16:23:29 CEST    repeat=2 DijkstraPrims: status=ok
2026-08-01 16:23:29 CEST  op-count pass
2026-08-01 16:23:29 CEST    BBMSCore: running...
2026-08-01 16:23:31 CEST    BBMSCore: status=ok
2026-08-01 16:23:31 CEST    BBMSInter: running...
2026-08-01 16:23:31 CEST    BBMSInter: status=ok
2026-08-01 16:23:31 CEST    BBMSDppInstant: running...
2026-08-01 16:23:31 CEST    BBMSDppInstant: status=ok
2026-08-01 16:23:31 CEST    BBMSDppStepwise: running...
2026-08-01 16:23:32 CEST    BBMSDppStepwise: status=ok
2026-08-01 16:23:32 CEST    DijkstraPrims: running...
2026-08-01 16:23:32 CEST    DijkstraPrims: status=ok
2026-08-01 16:23:32 CEST  cross-algorithm agreement: ok
2026-08-01 16:23:32 CEST  --- pair=4 (m=1321, n=714, cells=943194) ---
2026-08-01 16:23:32 CEST  runtime/memory pass
2026-08-01 16:23:32 CEST    repeat=0 BBMSCore: running...
2026-08-01 16:23:33 CEST    repeat=0 BBMSCore: status=ok
2026-08-01 16:23:33 CEST    repeat=0 BBMSInter: running...
2026-08-01 16:23:33 CEST    repeat=0 BBMSInter: status=ok
2026-08-01 16:23:33 CEST    repeat=0 BBMSDppInstant: running...
2026-08-01 16:23:33 CEST    repeat=0 BBMSDppInstant: status=ok
2026-08-01 16:23:33 CEST    repeat=0 BBMSDppStepwise: running...
2026-08-01 16:23:34 CEST    repeat=0 BBMSDppStepwise: status=ok
2026-08-01 16:23:34 CEST    repeat=0 DijkstraPrims: running...
2026-08-01 16:23:34 CEST    repeat=0 DijkstraPrims: status=ok
2026-08-01 16:23:34 CEST    repeat=1 BBMSCore: running...
2026-08-01 16:23:35 CEST    repeat=1 BBMSCore: status=ok
2026-08-01 16:23:35 CEST    repeat=1 BBMSInter: running...
2026-08-01 16:23:35 CEST    repeat=1 BBMSInter: status=ok
2026-08-01 16:23:35 CEST    repeat=1 BBMSDppInstant: running...
2026-08-01 16:23:35 CEST    repeat=1 BBMSDppInstant: status=ok
2026-08-01 16:23:35 CEST    repeat=1 BBMSDppStepwise: running...
2026-08-01 16:23:35 CEST    repeat=1 BBMSDppStepwise: status=ok
2026-08-01 16:23:35 CEST    repeat=1 DijkstraPrims: running...
2026-08-01 16:23:36 CEST    repeat=1 DijkstraPrims: status=ok
2026-08-01 16:23:36 CEST    repeat=2 BBMSCore: running...
2026-08-01 16:23:36 CEST    repeat=2 BBMSCore: status=ok
2026-08-01 16:23:36 CEST    repeat=2 BBMSInter: running...
2026-08-01 16:23:37 CEST    repeat=2 BBMSInter: status=ok
2026-08-01 16:23:37 CEST    repeat=2 BBMSDppInstant: running...
2026-08-01 16:23:37 CEST    repeat=2 BBMSDppInstant: status=ok
2026-08-01 16:23:37 CEST    repeat=2 BBMSDppStepwise: running...
2026-08-01 16:23:37 CEST    repeat=2 BBMSDppStepwise: status=ok
2026-08-01 16:23:37 CEST    repeat=2 DijkstraPrims: running...
2026-08-01 16:23:37 CEST    repeat=2 DijkstraPrims: status=ok
2026-08-01 16:23:37 CEST  op-count pass
2026-08-01 16:23:37 CEST    BBMSCore: running...
2026-08-01 16:23:38 CEST    BBMSCore: status=ok
2026-08-01 16:23:38 CEST    BBMSInter: running...
2026-08-01 16:23:38 CEST    BBMSInter: status=ok
2026-08-01 16:23:38 CEST    BBMSDppInstant: running...
2026-08-01 16:23:39 CEST    BBMSDppInstant: status=ok
2026-08-01 16:23:39 CEST    BBMSDppStepwise: running...
2026-08-01 16:23:39 CEST    BBMSDppStepwise: status=ok
2026-08-01 16:23:39 CEST    DijkstraPrims: running...
2026-08-01 16:23:39 CEST    DijkstraPrims: status=ok
2026-08-01 16:23:39 CEST  cross-algorithm agreement: ok
2026-08-01 16:23:39 CEST  --- pair=5 (m=1321, n=615, cells=812415) ---
2026-08-01 16:23:39 CEST  runtime/memory pass
2026-08-01 16:23:39 CEST    repeat=0 BBMSCore: running...
2026-08-01 16:23:41 CEST    repeat=0 BBMSCore: status=ok
2026-08-01 16:23:41 CEST    repeat=0 BBMSInter: running...
2026-08-01 16:23:41 CEST    repeat=0 BBMSInter: status=ok
2026-08-01 16:23:41 CEST    repeat=0 BBMSDppInstant: running...
2026-08-01 16:23:41 CEST    repeat=0 BBMSDppInstant: status=ok
2026-08-01 16:23:41 CEST    repeat=0 BBMSDppStepwise: running...
2026-08-01 16:23:41 CEST    repeat=0 BBMSDppStepwise: status=ok
2026-08-01 16:23:41 CEST    repeat=0 DijkstraPrims: running...
2026-08-01 16:23:41 CEST    repeat=0 DijkstraPrims: status=ok
2026-08-01 16:23:41 CEST    repeat=1 BBMSCore: running...
2026-08-01 16:23:43 CEST    repeat=1 BBMSCore: status=ok
2026-08-01 16:23:43 CEST    repeat=1 BBMSInter: running...
2026-08-01 16:23:43 CEST    repeat=1 BBMSInter: status=ok
2026-08-01 16:23:43 CEST    repeat=1 BBMSDppInstant: running...
2026-08-01 16:23:43 CEST    repeat=1 BBMSDppInstant: status=ok
2026-08-01 16:23:43 CEST    repeat=1 BBMSDppStepwise: running...
2026-08-01 16:23:43 CEST    repeat=1 BBMSDppStepwise: status=ok
2026-08-01 16:23:43 CEST    repeat=1 DijkstraPrims: running...
2026-08-01 16:23:43 CEST    repeat=1 DijkstraPrims: status=ok
2026-08-01 16:23:43 CEST    repeat=2 BBMSCore: running...
2026-08-01 16:23:45 CEST    repeat=2 BBMSCore: status=ok
2026-08-01 16:23:45 CEST    repeat=2 BBMSInter: running...
2026-08-01 16:23:45 CEST    repeat=2 BBMSInter: status=ok
2026-08-01 16:23:45 CEST    repeat=2 BBMSDppInstant: running...
2026-08-01 16:23:45 CEST    repeat=2 BBMSDppInstant: status=ok
2026-08-01 16:23:45 CEST    repeat=2 BBMSDppStepwise: running...
2026-08-01 16:23:45 CEST    repeat=2 BBMSDppStepwise: status=ok
2026-08-01 16:23:45 CEST    repeat=2 DijkstraPrims: running...
2026-08-01 16:23:45 CEST    repeat=2 DijkstraPrims: status=ok
2026-08-01 16:23:45 CEST  op-count pass
2026-08-01 16:23:45 CEST    BBMSCore: running...
2026-08-01 16:23:47 CEST    BBMSCore: status=ok
2026-08-01 16:23:47 CEST    BBMSInter: running...
2026-08-01 16:23:47 CEST    BBMSInter: status=ok
2026-08-01 16:23:47 CEST    BBMSDppInstant: running...
2026-08-01 16:23:47 CEST    BBMSDppInstant: status=ok
2026-08-01 16:23:47 CEST    BBMSDppStepwise: running...
2026-08-01 16:23:48 CEST    BBMSDppStepwise: status=ok
2026-08-01 16:23:48 CEST    DijkstraPrims: running...
2026-08-01 16:23:48 CEST    DijkstraPrims: status=ok
2026-08-01 16:23:48 CEST  cross-algorithm agreement: ok
2026-08-01 16:23:48 CEST  --- pair=6 (m=1321, n=3701, cells=4889021) ---
2026-08-01 16:23:48 CEST  runtime/memory pass
2026-08-01 16:23:48 CEST    repeat=0 BBMSCore: running...
2026-08-01 16:23:53 CEST    repeat=0 BBMSCore: status=ok
2026-08-01 16:23:53 CEST    repeat=0 BBMSInter: running...
2026-08-01 16:23:54 CEST    repeat=0 BBMSInter: status=ok
2026-08-01 16:23:54 CEST    repeat=0 BBMSDppInstant: running...
2026-08-01 16:23:55 CEST    repeat=0 BBMSDppInstant: status=ok
2026-08-01 16:23:55 CEST    repeat=0 BBMSDppStepwise: running...
2026-08-01 16:23:57 CEST    repeat=0 BBMSDppStepwise: status=ok
2026-08-01 16:23:57 CEST    repeat=0 DijkstraPrims: running...
2026-08-01 16:23:59 CEST    repeat=0 DijkstraPrims: status=ok
2026-08-01 16:23:59 CEST    repeat=1 BBMSCore: running...
2026-08-01 16:24:04 CEST    repeat=1 BBMSCore: status=ok
2026-08-01 16:24:04 CEST    repeat=1 BBMSInter: running...
2026-08-01 16:24:05 CEST    repeat=1 BBMSInter: status=ok
2026-08-01 16:24:05 CEST    repeat=1 BBMSDppInstant: running...
2026-08-01 16:24:06 CEST    repeat=1 BBMSDppInstant: status=ok
2026-08-01 16:24:06 CEST    repeat=1 BBMSDppStepwise: running...
2026-08-01 16:24:08 CEST    repeat=1 BBMSDppStepwise: status=ok
2026-08-01 16:24:08 CEST    repeat=1 DijkstraPrims: running...
2026-08-01 16:24:09 CEST    repeat=1 DijkstraPrims: status=ok
2026-08-01 16:24:09 CEST    repeat=2 BBMSCore: running...
2026-08-01 16:24:15 CEST    repeat=2 BBMSCore: status=ok
2026-08-01 16:24:15 CEST    repeat=2 BBMSInter: running...
2026-08-01 16:24:16 CEST    repeat=2 BBMSInter: status=ok
2026-08-01 16:24:16 CEST    repeat=2 BBMSDppInstant: running...
2026-08-01 16:24:17 CEST    repeat=2 BBMSDppInstant: status=ok
2026-08-01 16:24:17 CEST    repeat=2 BBMSDppStepwise: running...
2026-08-01 16:24:19 CEST    repeat=2 BBMSDppStepwise: status=ok
2026-08-01 16:24:19 CEST    repeat=2 DijkstraPrims: running...
2026-08-01 16:24:20 CEST    repeat=2 DijkstraPrims: status=ok
2026-08-01 16:24:20 CEST  op-count pass
2026-08-01 16:24:20 CEST    BBMSCore: running...
2026-08-01 16:24:26 CEST    BBMSCore: status=ok
2026-08-01 16:24:26 CEST    BBMSInter: running...
2026-08-01 16:24:27 CEST    BBMSInter: status=ok
2026-08-01 16:24:27 CEST    BBMSDppInstant: running...
2026-08-01 16:24:28 CEST    BBMSDppInstant: status=ok
2026-08-01 16:24:28 CEST    BBMSDppStepwise: running...
2026-08-01 16:24:30 CEST    BBMSDppStepwise: status=ok
2026-08-01 16:24:30 CEST    DijkstraPrims: running...
2026-08-01 16:24:31 CEST    DijkstraPrims: status=ok
2026-08-01 16:24:31 CEST  cross-algorithm agreement: ok
2026-08-01 16:24:31 CEST  --- pair=7 (m=1321, n=1170, cells=1545570) ---
2026-08-01 16:24:31 CEST  runtime/memory pass
2026-08-01 16:24:31 CEST    repeat=0 BBMSCore: running...
2026-08-01 16:24:33 CEST    repeat=0 BBMSCore: status=ok
2026-08-01 16:24:33 CEST    repeat=0 BBMSInter: running...
2026-08-01 16:24:33 CEST    repeat=0 BBMSInter: status=ok
2026-08-01 16:24:33 CEST    repeat=0 BBMSDppInstant: running...
2026-08-01 16:24:33 CEST    repeat=0 BBMSDppInstant: status=ok
2026-08-01 16:24:33 CEST    repeat=0 BBMSDppStepwise: running...
2026-08-01 16:24:34 CEST    repeat=0 BBMSDppStepwise: status=ok
2026-08-01 16:24:34 CEST    repeat=0 DijkstraPrims: running...
2026-08-01 16:24:34 CEST    repeat=0 DijkstraPrims: status=ok
2026-08-01 16:24:34 CEST    repeat=1 BBMSCore: running...
2026-08-01 16:24:36 CEST    repeat=1 BBMSCore: status=ok
2026-08-01 16:24:36 CEST    repeat=1 BBMSInter: running...
2026-08-01 16:24:36 CEST    repeat=1 BBMSInter: status=ok
2026-08-01 16:24:36 CEST    repeat=1 BBMSDppInstant: running...
2026-08-01 16:24:36 CEST    repeat=1 BBMSDppInstant: status=ok
2026-08-01 16:24:36 CEST    repeat=1 BBMSDppStepwise: running...
2026-08-01 16:24:37 CEST    repeat=1 BBMSDppStepwise: status=ok
2026-08-01 16:24:37 CEST    repeat=1 DijkstraPrims: running...
2026-08-01 16:24:37 CEST    repeat=1 DijkstraPrims: status=ok
2026-08-01 16:24:37 CEST    repeat=2 BBMSCore: running...
2026-08-01 16:24:38 CEST    repeat=2 BBMSCore: status=ok
2026-08-01 16:24:38 CEST    repeat=2 BBMSInter: running...
2026-08-01 16:24:39 CEST    repeat=2 BBMSInter: status=ok
2026-08-01 16:24:39 CEST    repeat=2 BBMSDppInstant: running...
2026-08-01 16:24:39 CEST    repeat=2 BBMSDppInstant: status=ok
2026-08-01 16:24:39 CEST    repeat=2 BBMSDppStepwise: running...
2026-08-01 16:24:40 CEST    repeat=2 BBMSDppStepwise: status=ok
2026-08-01 16:24:40 CEST    repeat=2 DijkstraPrims: running...
2026-08-01 16:24:40 CEST    repeat=2 DijkstraPrims: status=ok
2026-08-01 16:24:40 CEST  op-count pass
2026-08-01 16:24:40 CEST    BBMSCore: running...
2026-08-01 16:24:41 CEST    BBMSCore: status=ok
2026-08-01 16:24:41 CEST    BBMSInter: running...
2026-08-01 16:24:42 CEST    BBMSInter: status=ok
2026-08-01 16:24:42 CEST    BBMSDppInstant: running...
2026-08-01 16:24:42 CEST    BBMSDppInstant: status=ok
2026-08-01 16:24:42 CEST    BBMSDppStepwise: running...
2026-08-01 16:24:42 CEST    BBMSDppStepwise: status=ok
2026-08-01 16:24:42 CEST    DijkstraPrims: running...
2026-08-01 16:24:43 CEST    DijkstraPrims: status=ok
2026-08-01 16:24:43 CEST  cross-algorithm agreement: ok
2026-08-01 16:24:43 CEST  --- pair=8 (m=1321, n=1172, cells=1548212) ---
2026-08-01 16:24:43 CEST  runtime/memory pass
2026-08-01 16:24:43 CEST    repeat=0 BBMSCore: running...
2026-08-01 16:24:45 CEST    repeat=0 BBMSCore: status=ok
2026-08-01 16:24:45 CEST    repeat=0 BBMSInter: running...
2026-08-01 16:24:45 CEST    repeat=0 BBMSInter: status=ok
2026-08-01 16:24:45 CEST    repeat=0 BBMSDppInstant: running...
2026-08-01 16:24:46 CEST    repeat=0 BBMSDppInstant: status=ok
2026-08-01 16:24:46 CEST    repeat=0 BBMSDppStepwise: running...
2026-08-01 16:24:46 CEST    repeat=0 BBMSDppStepwise: status=ok
2026-08-01 16:24:46 CEST    repeat=0 DijkstraPrims: running...
2026-08-01 16:24:46 CEST    repeat=0 DijkstraPrims: status=ok
2026-08-01 16:24:46 CEST    repeat=1 BBMSCore: running...
2026-08-01 16:24:48 CEST    repeat=1 BBMSCore: status=ok
2026-08-01 16:24:48 CEST    repeat=1 BBMSInter: running...
2026-08-01 16:24:49 CEST    repeat=1 BBMSInter: status=ok
2026-08-01 16:24:49 CEST    repeat=1 BBMSDppInstant: running...
2026-08-01 16:24:49 CEST    repeat=1 BBMSDppInstant: status=ok
2026-08-01 16:24:49 CEST    repeat=1 BBMSDppStepwise: running...
2026-08-01 16:24:50 CEST    repeat=1 BBMSDppStepwise: status=ok
2026-08-01 16:24:50 CEST    repeat=1 DijkstraPrims: running...
2026-08-01 16:24:50 CEST    repeat=1 DijkstraPrims: status=ok
2026-08-01 16:24:50 CEST    repeat=2 BBMSCore: running...
2026-08-01 16:24:52 CEST    repeat=2 BBMSCore: status=ok
2026-08-01 16:24:52 CEST    repeat=2 BBMSInter: running...
2026-08-01 16:24:53 CEST    repeat=2 BBMSInter: status=ok
2026-08-01 16:24:53 CEST    repeat=2 BBMSDppInstant: running...
2026-08-01 16:24:53 CEST    repeat=2 BBMSDppInstant: status=ok
2026-08-01 16:24:53 CEST    repeat=2 BBMSDppStepwise: running...
2026-08-01 16:24:54 CEST    repeat=2 BBMSDppStepwise: status=ok
2026-08-01 16:24:54 CEST    repeat=2 DijkstraPrims: running...
2026-08-01 16:24:54 CEST    repeat=2 DijkstraPrims: status=ok
2026-08-01 16:24:54 CEST  op-count pass
2026-08-01 16:24:54 CEST    BBMSCore: running...
2026-08-01 16:24:56 CEST    BBMSCore: status=ok
2026-08-01 16:24:56 CEST    BBMSInter: running...
2026-08-01 16:24:57 CEST    BBMSInter: status=ok
2026-08-01 16:24:57 CEST    BBMSDppInstant: running...
2026-08-01 16:24:57 CEST    BBMSDppInstant: status=ok
2026-08-01 16:24:57 CEST    BBMSDppStepwise: running...
2026-08-01 16:24:57 CEST    BBMSDppStepwise: status=ok
2026-08-01 16:24:57 CEST    DijkstraPrims: running...
2026-08-01 16:24:58 CEST    DijkstraPrims: status=ok
2026-08-01 16:24:58 CEST  cross-algorithm agreement: ok
2026-08-01 16:24:58 CEST  --- pair=9 (m=1321, n=262, cells=346102) ---
2026-08-01 16:24:58 CEST  runtime/memory pass
2026-08-01 16:24:58 CEST    repeat=0 BBMSCore: running...
2026-08-01 16:24:58 CEST    repeat=0 BBMSCore: status=ok
2026-08-01 16:24:58 CEST    repeat=0 BBMSInter: running...
2026-08-01 16:24:58 CEST    repeat=0 BBMSInter: status=ok
2026-08-01 16:24:58 CEST    repeat=0 BBMSDppInstant: running...
2026-08-01 16:24:58 CEST    repeat=0 BBMSDppInstant: status=ok
2026-08-01 16:24:58 CEST    repeat=0 BBMSDppStepwise: running...
2026-08-01 16:24:58 CEST    repeat=0 BBMSDppStepwise: status=ok
2026-08-01 16:24:58 CEST    repeat=0 DijkstraPrims: running...
2026-08-01 16:24:58 CEST    repeat=0 DijkstraPrims: status=ok
2026-08-01 16:24:58 CEST    repeat=1 BBMSCore: running...
2026-08-01 16:24:58 CEST    repeat=1 BBMSCore: status=ok
2026-08-01 16:24:58 CEST    repeat=1 BBMSInter: running...
2026-08-01 16:24:58 CEST    repeat=1 BBMSInter: status=ok
2026-08-01 16:24:58 CEST    repeat=1 BBMSDppInstant: running...
2026-08-01 16:24:58 CEST    repeat=1 BBMSDppInstant: status=ok
2026-08-01 16:24:58 CEST    repeat=1 BBMSDppStepwise: running...
2026-08-01 16:24:58 CEST    repeat=1 BBMSDppStepwise: status=ok
2026-08-01 16:24:58 CEST    repeat=1 DijkstraPrims: running...
2026-08-01 16:24:58 CEST    repeat=1 DijkstraPrims: status=ok
2026-08-01 16:24:58 CEST    repeat=2 BBMSCore: running...
2026-08-01 16:24:58 CEST    repeat=2 BBMSCore: status=ok
2026-08-01 16:24:58 CEST    repeat=2 BBMSInter: running...
2026-08-01 16:24:58 CEST    repeat=2 BBMSInter: status=ok
2026-08-01 16:24:58 CEST    repeat=2 BBMSDppInstant: running...
2026-08-01 16:24:59 CEST    repeat=2 BBMSDppInstant: status=ok
2026-08-01 16:24:59 CEST    repeat=2 BBMSDppStepwise: running...
2026-08-01 16:24:59 CEST    repeat=2 BBMSDppStepwise: status=ok
2026-08-01 16:24:59 CEST    repeat=2 DijkstraPrims: running...
2026-08-01 16:24:59 CEST    repeat=2 DijkstraPrims: status=ok
2026-08-01 16:24:59 CEST  op-count pass
2026-08-01 16:24:59 CEST    BBMSCore: running...
2026-08-01 16:24:59 CEST    BBMSCore: status=ok
2026-08-01 16:24:59 CEST    BBMSInter: running...
2026-08-01 16:24:59 CEST    BBMSInter: status=ok
2026-08-01 16:24:59 CEST    BBMSDppInstant: running...
2026-08-01 16:24:59 CEST    BBMSDppInstant: status=ok
2026-08-01 16:24:59 CEST    BBMSDppStepwise: running...
2026-08-01 16:24:59 CEST    BBMSDppStepwise: status=ok
2026-08-01 16:24:59 CEST    DijkstraPrims: running...
2026-08-01 16:24:59 CEST    DijkstraPrims: status=ok
2026-08-01 16:24:59 CEST  cross-algorithm agreement: ok
2026-08-01 16:24:59 CEST  --- pair=10 (m=1321, n=24, cells=31704) ---
2026-08-01 16:24:59 CEST  runtime/memory pass
2026-08-01 16:24:59 CEST    repeat=0 BBMSCore: running...
2026-08-01 16:24:59 CEST    repeat=0 BBMSCore: status=ok
2026-08-01 16:24:59 CEST    repeat=0 BBMSInter: running...
2026-08-01 16:24:59 CEST    repeat=0 BBMSInter: status=ok
2026-08-01 16:24:59 CEST    repeat=0 BBMSDppInstant: running...
2026-08-01 16:24:59 CEST    repeat=0 BBMSDppInstant: status=ok
2026-08-01 16:24:59 CEST    repeat=0 BBMSDppStepwise: running...
2026-08-01 16:24:59 CEST    repeat=0 BBMSDppStepwise: status=ok
2026-08-01 16:24:59 CEST    repeat=0 DijkstraPrims: running...
2026-08-01 16:24:59 CEST    repeat=0 DijkstraPrims: status=ok
2026-08-01 16:24:59 CEST    repeat=1 BBMSCore: running...
2026-08-01 16:24:59 CEST    repeat=1 BBMSCore: status=ok
2026-08-01 16:24:59 CEST    repeat=1 BBMSInter: running...
2026-08-01 16:24:59 CEST    repeat=1 BBMSInter: status=ok
2026-08-01 16:24:59 CEST    repeat=1 BBMSDppInstant: running...
2026-08-01 16:24:59 CEST    repeat=1 BBMSDppInstant: status=ok
2026-08-01 16:24:59 CEST    repeat=1 BBMSDppStepwise: running...
2026-08-01 16:24:59 CEST    repeat=1 BBMSDppStepwise: status=ok
2026-08-01 16:24:59 CEST    repeat=1 DijkstraPrims: running...
2026-08-01 16:24:59 CEST    repeat=1 DijkstraPrims: status=ok
2026-08-01 16:24:59 CEST    repeat=2 BBMSCore: running...
2026-08-01 16:24:59 CEST    repeat=2 BBMSCore: status=ok
2026-08-01 16:24:59 CEST    repeat=2 BBMSInter: running...
2026-08-01 16:24:59 CEST    repeat=2 BBMSInter: status=ok
2026-08-01 16:24:59 CEST    repeat=2 BBMSDppInstant: running...
2026-08-01 16:24:59 CEST    repeat=2 BBMSDppInstant: status=ok
2026-08-01 16:24:59 CEST    repeat=2 BBMSDppStepwise: running...
2026-08-01 16:24:59 CEST    repeat=2 BBMSDppStepwise: status=ok
2026-08-01 16:24:59 CEST    repeat=2 DijkstraPrims: running...
2026-08-01 16:24:59 CEST    repeat=2 DijkstraPrims: status=ok
2026-08-01 16:24:59 CEST  op-count pass
2026-08-01 16:24:59 CEST    BBMSCore: running...
2026-08-01 16:24:59 CEST    BBMSCore: status=ok
2026-08-01 16:24:59 CEST    BBMSInter: running...
2026-08-01 16:24:59 CEST    BBMSInter: status=ok
2026-08-01 16:24:59 CEST    BBMSDppInstant: running...
2026-08-01 16:24:59 CEST    BBMSDppInstant: status=ok
2026-08-01 16:24:59 CEST    BBMSDppStepwise: running...
2026-08-01 16:24:59 CEST    BBMSDppStepwise: status=ok
2026-08-01 16:24:59 CEST    DijkstraPrims: running...
2026-08-01 16:24:59 CEST    DijkstraPrims: status=ok
2026-08-01 16:24:59 CEST  cross-algorithm agreement: ok
2026-08-01 16:24:59 CEST  --- pair=11 (m=1321, n=432, cells=570672) ---
2026-08-01 16:24:59 CEST  runtime/memory pass
2026-08-01 16:24:59 CEST    repeat=0 BBMSCore: running...
2026-08-01 16:25:02 CEST    repeat=0 BBMSCore: status=ok
2026-08-01 16:25:02 CEST    repeat=0 BBMSInter: running...
2026-08-01 16:25:02 CEST    repeat=0 BBMSInter: status=ok
2026-08-01 16:25:02 CEST    repeat=0 BBMSDppInstant: running...
2026-08-01 16:25:02 CEST    repeat=0 BBMSDppInstant: status=ok
2026-08-01 16:25:02 CEST    repeat=0 BBMSDppStepwise: running...
2026-08-01 16:25:03 CEST    repeat=0 BBMSDppStepwise: status=ok
2026-08-01 16:25:03 CEST    repeat=0 DijkstraPrims: running...
2026-08-01 16:25:03 CEST    repeat=0 DijkstraPrims: status=ok
2026-08-01 16:25:03 CEST    repeat=1 BBMSCore: running...
2026-08-01 16:25:05 CEST    repeat=1 BBMSCore: status=ok
2026-08-01 16:25:05 CEST    repeat=1 BBMSInter: running...
2026-08-01 16:25:05 CEST    repeat=1 BBMSInter: status=ok
2026-08-01 16:25:05 CEST    repeat=1 BBMSDppInstant: running...
2026-08-01 16:25:06 CEST    repeat=1 BBMSDppInstant: status=ok
2026-08-01 16:25:06 CEST    repeat=1 BBMSDppStepwise: running...
2026-08-01 16:25:06 CEST    repeat=1 BBMSDppStepwise: status=ok
2026-08-01 16:25:06 CEST    repeat=1 DijkstraPrims: running...
2026-08-01 16:25:06 CEST    repeat=1 DijkstraPrims: status=ok
2026-08-01 16:25:06 CEST    repeat=2 BBMSCore: running...
2026-08-01 16:25:08 CEST    repeat=2 BBMSCore: status=ok
2026-08-01 16:25:08 CEST    repeat=2 BBMSInter: running...
2026-08-01 16:25:09 CEST    repeat=2 BBMSInter: status=ok
2026-08-01 16:25:09 CEST    repeat=2 BBMSDppInstant: running...
2026-08-01 16:25:09 CEST    repeat=2 BBMSDppInstant: status=ok
2026-08-01 16:25:09 CEST    repeat=2 BBMSDppStepwise: running...
2026-08-01 16:25:09 CEST    repeat=2 BBMSDppStepwise: status=ok
2026-08-01 16:25:09 CEST    repeat=2 DijkstraPrims: running...
2026-08-01 16:25:09 CEST    repeat=2 DijkstraPrims: status=ok
2026-08-01 16:25:09 CEST  op-count pass
2026-08-01 16:25:09 CEST    BBMSCore: running...
2026-08-01 16:25:12 CEST    BBMSCore: status=ok
2026-08-01 16:25:12 CEST    BBMSInter: running...
2026-08-01 16:25:12 CEST    BBMSInter: status=ok
2026-08-01 16:25:12 CEST    BBMSDppInstant: running...
2026-08-01 16:25:12 CEST    BBMSDppInstant: status=ok
2026-08-01 16:25:12 CEST    BBMSDppStepwise: running...
2026-08-01 16:25:12 CEST    BBMSDppStepwise: status=ok
2026-08-01 16:25:12 CEST    DijkstraPrims: running...
2026-08-01 16:25:12 CEST    DijkstraPrims: status=ok
2026-08-01 16:25:12 CEST  cross-algorithm agreement: ok
2026-08-01 16:25:12 CEST  --- pair=12 (m=1321, n=1045, cells=1380445) ---
2026-08-01 16:25:12 CEST  runtime/memory pass
2026-08-01 16:25:12 CEST    repeat=0 BBMSCore: running...
2026-08-01 16:25:14 CEST    repeat=0 BBMSCore: status=ok
2026-08-01 16:25:14 CEST    repeat=0 BBMSInter: running...
2026-08-01 16:25:15 CEST    repeat=0 BBMSInter: status=ok
2026-08-01 16:25:15 CEST    repeat=0 BBMSDppInstant: running...
2026-08-01 16:25:15 CEST    repeat=0 BBMSDppInstant: status=ok
2026-08-01 16:25:15 CEST    repeat=0 BBMSDppStepwise: running...
2026-08-01 16:25:15 CEST    repeat=0 BBMSDppStepwise: status=ok
2026-08-01 16:25:15 CEST    repeat=0 DijkstraPrims: running...
2026-08-01 16:25:16 CEST    repeat=0 DijkstraPrims: status=ok
2026-08-01 16:25:16 CEST    repeat=1 BBMSCore: running...
2026-08-01 16:25:18 CEST    repeat=1 BBMSCore: status=ok
2026-08-01 16:25:18 CEST    repeat=1 BBMSInter: running...
2026-08-01 16:25:18 CEST    repeat=1 BBMSInter: status=ok
2026-08-01 16:25:18 CEST    repeat=1 BBMSDppInstant: running...
2026-08-01 16:25:19 CEST    repeat=1 BBMSDppInstant: status=ok
2026-08-01 16:25:19 CEST    repeat=1 BBMSDppStepwise: running...
2026-08-01 16:25:19 CEST    repeat=1 BBMSDppStepwise: status=ok
2026-08-01 16:25:19 CEST    repeat=1 DijkstraPrims: running...
2026-08-01 16:25:19 CEST    repeat=1 DijkstraPrims: status=ok
2026-08-01 16:25:19 CEST    repeat=2 BBMSCore: running...
2026-08-01 16:25:22 CEST    repeat=2 BBMSCore: status=ok
2026-08-01 16:25:22 CEST    repeat=2 BBMSInter: running...
2026-08-01 16:25:22 CEST    repeat=2 BBMSInter: status=ok
2026-08-01 16:25:22 CEST    repeat=2 BBMSDppInstant: running...
2026-08-01 16:25:22 CEST    repeat=2 BBMSDppInstant: status=ok
2026-08-01 16:25:22 CEST    repeat=2 BBMSDppStepwise: running...
2026-08-01 16:25:23 CEST    repeat=2 BBMSDppStepwise: status=ok
2026-08-01 16:25:23 CEST    repeat=2 DijkstraPrims: running...
2026-08-01 16:25:23 CEST    repeat=2 DijkstraPrims: status=ok
2026-08-01 16:25:23 CEST  op-count pass
2026-08-01 16:25:23 CEST    BBMSCore: running...
2026-08-01 16:25:25 CEST    BBMSCore: status=ok
2026-08-01 16:25:25 CEST    BBMSInter: running...
2026-08-01 16:25:25 CEST    BBMSInter: status=ok
2026-08-01 16:25:25 CEST    BBMSDppInstant: running...
2026-08-01 16:25:26 CEST    BBMSDppInstant: status=ok
2026-08-01 16:25:26 CEST    BBMSDppStepwise: running...
2026-08-01 16:25:26 CEST    BBMSDppStepwise: status=ok
2026-08-01 16:25:26 CEST    DijkstraPrims: running...
2026-08-01 16:25:27 CEST    DijkstraPrims: status=ok
2026-08-01 16:25:27 CEST  cross-algorithm agreement: ok
2026-08-01 16:25:27 CEST  --- pair=13 (m=1321, n=377, cells=498017) ---
2026-08-01 16:25:27 CEST  runtime/memory pass
2026-08-01 16:25:27 CEST    repeat=0 BBMSCore: running...
2026-08-01 16:25:28 CEST    repeat=0 BBMSCore: status=ok
2026-08-01 16:25:28 CEST    repeat=0 BBMSInter: running...
2026-08-01 16:25:28 CEST    repeat=0 BBMSInter: status=ok
2026-08-01 16:25:28 CEST    repeat=0 BBMSDppInstant: running...
2026-08-01 16:25:28 CEST    repeat=0 BBMSDppInstant: status=ok
2026-08-01 16:25:28 CEST    repeat=0 BBMSDppStepwise: running...
2026-08-01 16:25:28 CEST    repeat=0 BBMSDppStepwise: status=ok
2026-08-01 16:25:28 CEST    repeat=0 DijkstraPrims: running...
2026-08-01 16:25:29 CEST    repeat=0 DijkstraPrims: status=ok
2026-08-01 16:25:29 CEST    repeat=1 BBMSCore: running...
2026-08-01 16:25:30 CEST    repeat=1 BBMSCore: status=ok
2026-08-01 16:25:30 CEST    repeat=1 BBMSInter: running...
2026-08-01 16:25:30 CEST    repeat=1 BBMSInter: status=ok
2026-08-01 16:25:30 CEST    repeat=1 BBMSDppInstant: running...
2026-08-01 16:25:30 CEST    repeat=1 BBMSDppInstant: status=ok
2026-08-01 16:25:30 CEST    repeat=1 BBMSDppStepwise: running...
2026-08-01 16:25:30 CEST    repeat=1 BBMSDppStepwise: status=ok
2026-08-01 16:25:30 CEST    repeat=1 DijkstraPrims: running...
2026-08-01 16:25:31 CEST    repeat=1 DijkstraPrims: status=ok
2026-08-01 16:25:31 CEST    repeat=2 BBMSCore: running...
2026-08-01 16:25:32 CEST    repeat=2 BBMSCore: status=ok
2026-08-01 16:25:32 CEST    repeat=2 BBMSInter: running...
2026-08-01 16:25:32 CEST    repeat=2 BBMSInter: status=ok
2026-08-01 16:25:32 CEST    repeat=2 BBMSDppInstant: running...
2026-08-01 16:25:32 CEST    repeat=2 BBMSDppInstant: status=ok
2026-08-01 16:25:32 CEST    repeat=2 BBMSDppStepwise: running...
2026-08-01 16:25:32 CEST    repeat=2 BBMSDppStepwise: status=ok
2026-08-01 16:25:32 CEST    repeat=2 DijkstraPrims: running...
2026-08-01 16:25:33 CEST    repeat=2 DijkstraPrims: status=ok
2026-08-01 16:25:33 CEST  op-count pass
2026-08-01 16:25:33 CEST    BBMSCore: running...
2026-08-01 16:25:34 CEST    BBMSCore: status=ok
2026-08-01 16:25:34 CEST    BBMSInter: running...
2026-08-01 16:25:34 CEST    BBMSInter: status=ok
2026-08-01 16:25:34 CEST    BBMSDppInstant: running...
2026-08-01 16:25:34 CEST    BBMSDppInstant: status=ok
2026-08-01 16:25:34 CEST    BBMSDppStepwise: running...
2026-08-01 16:25:34 CEST    BBMSDppStepwise: status=ok
2026-08-01 16:25:34 CEST    DijkstraPrims: running...
2026-08-01 16:25:35 CEST    DijkstraPrims: status=ok
2026-08-01 16:25:35 CEST  cross-algorithm agreement: ok
2026-08-01 16:25:35 CEST  --- pair=14 (m=1321, n=2423, cells=3200783) ---
2026-08-01 16:25:35 CEST  runtime/memory pass
2026-08-01 16:25:35 CEST    repeat=0 BBMSCore: running...
2026-08-01 16:25:39 CEST    repeat=0 BBMSCore: status=ok
2026-08-01 16:25:39 CEST    repeat=0 BBMSInter: running...
2026-08-01 16:25:40 CEST    repeat=0 BBMSInter: status=ok
2026-08-01 16:25:40 CEST    repeat=0 BBMSDppInstant: running...
2026-08-01 16:25:41 CEST    repeat=0 BBMSDppInstant: status=ok
2026-08-01 16:25:41 CEST    repeat=0 BBMSDppStepwise: running...
2026-08-01 16:25:42 CEST    repeat=0 BBMSDppStepwise: status=ok
2026-08-01 16:25:42 CEST    repeat=0 DijkstraPrims: running...
2026-08-01 16:25:42 CEST    repeat=0 DijkstraPrims: status=ok
2026-08-01 16:25:42 CEST    repeat=1 BBMSCore: running...
2026-08-01 16:25:47 CEST    repeat=1 BBMSCore: status=ok
2026-08-01 16:25:47 CEST    repeat=1 BBMSInter: running...
2026-08-01 16:25:48 CEST    repeat=1 BBMSInter: status=ok
2026-08-01 16:25:48 CEST    repeat=1 BBMSDppInstant: running...
2026-08-01 16:25:48 CEST    repeat=1 BBMSDppInstant: status=ok
2026-08-01 16:25:48 CEST    repeat=1 BBMSDppStepwise: running...
2026-08-01 16:25:50 CEST    repeat=1 BBMSDppStepwise: status=ok
2026-08-01 16:25:50 CEST    repeat=1 DijkstraPrims: running...
2026-08-01 16:25:50 CEST    repeat=1 DijkstraPrims: status=ok
2026-08-01 16:25:50 CEST    repeat=2 BBMSCore: running...
2026-08-01 16:25:55 CEST    repeat=2 BBMSCore: status=ok
2026-08-01 16:25:55 CEST    repeat=2 BBMSInter: running...
2026-08-01 16:25:55 CEST    repeat=2 BBMSInter: status=ok
2026-08-01 16:25:55 CEST    repeat=2 BBMSDppInstant: running...
2026-08-01 16:25:56 CEST    repeat=2 BBMSDppInstant: status=ok
2026-08-01 16:25:56 CEST    repeat=2 BBMSDppStepwise: running...
2026-08-01 16:25:57 CEST    repeat=2 BBMSDppStepwise: status=ok
2026-08-01 16:25:57 CEST    repeat=2 DijkstraPrims: running...
2026-08-01 16:25:58 CEST    repeat=2 DijkstraPrims: status=ok
2026-08-01 16:25:58 CEST  op-count pass
2026-08-01 16:25:58 CEST    BBMSCore: running...
2026-08-01 16:26:02 CEST    BBMSCore: status=ok
2026-08-01 16:26:02 CEST    BBMSInter: running...
2026-08-01 16:26:03 CEST    BBMSInter: status=ok
2026-08-01 16:26:03 CEST    BBMSDppInstant: running...
2026-08-01 16:26:04 CEST    BBMSDppInstant: status=ok
2026-08-01 16:26:04 CEST    BBMSDppStepwise: running...
2026-08-01 16:26:05 CEST    BBMSDppStepwise: status=ok
2026-08-01 16:26:05 CEST    DijkstraPrims: running...
2026-08-01 16:26:06 CEST    DijkstraPrims: status=ok
2026-08-01 16:26:06 CEST  cross-algorithm agreement: ok
2026-08-01 16:26:06 CEST  --- pair=15 (m=1321, n=40, cells=52840) ---
2026-08-01 16:26:06 CEST  runtime/memory pass
2026-08-01 16:26:06 CEST    repeat=0 BBMSCore: running...
2026-08-01 16:26:06 CEST    repeat=0 BBMSCore: status=ok
2026-08-01 16:26:06 CEST    repeat=0 BBMSInter: running...
2026-08-01 16:26:06 CEST    repeat=0 BBMSInter: status=ok
2026-08-01 16:26:06 CEST    repeat=0 BBMSDppInstant: running...
2026-08-01 16:26:06 CEST    repeat=0 BBMSDppInstant: status=ok
2026-08-01 16:26:06 CEST    repeat=0 BBMSDppStepwise: running...
2026-08-01 16:26:06 CEST    repeat=0 BBMSDppStepwise: status=ok
2026-08-01 16:26:06 CEST    repeat=0 DijkstraPrims: running...
2026-08-01 16:26:06 CEST    repeat=0 DijkstraPrims: status=ok
2026-08-01 16:26:06 CEST    repeat=1 BBMSCore: running...
2026-08-01 16:26:06 CEST    repeat=1 BBMSCore: status=ok
2026-08-01 16:26:06 CEST    repeat=1 BBMSInter: running...
2026-08-01 16:26:06 CEST    repeat=1 BBMSInter: status=ok
2026-08-01 16:26:06 CEST    repeat=1 BBMSDppInstant: running...
2026-08-01 16:26:06 CEST    repeat=1 BBMSDppInstant: status=ok
2026-08-01 16:26:06 CEST    repeat=1 BBMSDppStepwise: running...
2026-08-01 16:26:06 CEST    repeat=1 BBMSDppStepwise: status=ok
2026-08-01 16:26:06 CEST    repeat=1 DijkstraPrims: running...
2026-08-01 16:26:06 CEST    repeat=1 DijkstraPrims: status=ok
2026-08-01 16:26:06 CEST    repeat=2 BBMSCore: running...
2026-08-01 16:26:06 CEST    repeat=2 BBMSCore: status=ok
2026-08-01 16:26:06 CEST    repeat=2 BBMSInter: running...
2026-08-01 16:26:06 CEST    repeat=2 BBMSInter: status=ok
2026-08-01 16:26:06 CEST    repeat=2 BBMSDppInstant: running...
2026-08-01 16:26:06 CEST    repeat=2 BBMSDppInstant: status=ok
2026-08-01 16:26:06 CEST    repeat=2 BBMSDppStepwise: running...
2026-08-01 16:26:06 CEST    repeat=2 BBMSDppStepwise: status=ok
2026-08-01 16:26:06 CEST    repeat=2 DijkstraPrims: running...
2026-08-01 16:26:06 CEST    repeat=2 DijkstraPrims: status=ok
2026-08-01 16:26:06 CEST  op-count pass
2026-08-01 16:26:06 CEST    BBMSCore: running...
2026-08-01 16:26:06 CEST    BBMSCore: status=ok
2026-08-01 16:26:06 CEST    BBMSInter: running...
2026-08-01 16:26:06 CEST    BBMSInter: status=ok
2026-08-01 16:26:06 CEST    BBMSDppInstant: running...
2026-08-01 16:26:06 CEST    BBMSDppInstant: status=ok
2026-08-01 16:26:06 CEST    BBMSDppStepwise: running...
2026-08-01 16:26:06 CEST    BBMSDppStepwise: status=ok
2026-08-01 16:26:06 CEST    DijkstraPrims: running...
2026-08-01 16:26:06 CEST    DijkstraPrims: status=ok
2026-08-01 16:26:06 CEST  cross-algorithm agreement: ok
2026-08-01 16:26:06 CEST  --- pair=16 (m=1321, n=149, cells=196829) ---
2026-08-01 16:26:06 CEST  runtime/memory pass
2026-08-01 16:26:06 CEST    repeat=0 BBMSCore: running...
2026-08-01 16:26:07 CEST    repeat=0 BBMSCore: status=ok
2026-08-01 16:26:07 CEST    repeat=0 BBMSInter: running...
2026-08-01 16:26:07 CEST    repeat=0 BBMSInter: status=ok
2026-08-01 16:26:07 CEST    repeat=0 BBMSDppInstant: running...
2026-08-01 16:26:07 CEST    repeat=0 BBMSDppInstant: status=ok
2026-08-01 16:26:07 CEST    repeat=0 BBMSDppStepwise: running...
2026-08-01 16:26:07 CEST    repeat=0 BBMSDppStepwise: status=ok
2026-08-01 16:26:07 CEST    repeat=0 DijkstraPrims: running...
2026-08-01 16:26:07 CEST    repeat=0 DijkstraPrims: status=ok
2026-08-01 16:26:07 CEST    repeat=1 BBMSCore: running...
2026-08-01 16:26:08 CEST    repeat=1 BBMSCore: status=ok
2026-08-01 16:26:08 CEST    repeat=1 BBMSInter: running...
2026-08-01 16:26:08 CEST    repeat=1 BBMSInter: status=ok
2026-08-01 16:26:08 CEST    repeat=1 BBMSDppInstant: running...
2026-08-01 16:26:08 CEST    repeat=1 BBMSDppInstant: status=ok
2026-08-01 16:26:08 CEST    repeat=1 BBMSDppStepwise: running...
2026-08-01 16:26:08 CEST    repeat=1 BBMSDppStepwise: status=ok
2026-08-01 16:26:08 CEST    repeat=1 DijkstraPrims: running...
2026-08-01 16:26:08 CEST    repeat=1 DijkstraPrims: status=ok
2026-08-01 16:26:08 CEST    repeat=2 BBMSCore: running...
2026-08-01 16:26:09 CEST    repeat=2 BBMSCore: status=ok
2026-08-01 16:26:09 CEST    repeat=2 BBMSInter: running...
2026-08-01 16:26:09 CEST    repeat=2 BBMSInter: status=ok
2026-08-01 16:26:09 CEST    repeat=2 BBMSDppInstant: running...
2026-08-01 16:26:09 CEST    repeat=2 BBMSDppInstant: status=ok
2026-08-01 16:26:09 CEST    repeat=2 BBMSDppStepwise: running...
2026-08-01 16:26:09 CEST    repeat=2 BBMSDppStepwise: status=ok
2026-08-01 16:26:09 CEST    repeat=2 DijkstraPrims: running...
2026-08-01 16:26:09 CEST    repeat=2 DijkstraPrims: status=ok
2026-08-01 16:26:09 CEST  op-count pass
2026-08-01 16:26:09 CEST    BBMSCore: running...
2026-08-01 16:26:10 CEST    BBMSCore: status=ok
2026-08-01 16:26:10 CEST    BBMSInter: running...
2026-08-01 16:26:10 CEST    BBMSInter: status=ok
2026-08-01 16:26:10 CEST    BBMSDppInstant: running...
2026-08-01 16:26:10 CEST    BBMSDppInstant: status=ok
2026-08-01 16:26:10 CEST    BBMSDppStepwise: running...
2026-08-01 16:26:10 CEST    BBMSDppStepwise: status=ok
2026-08-01 16:26:10 CEST    DijkstraPrims: running...
2026-08-01 16:26:10 CEST    DijkstraPrims: status=ok
2026-08-01 16:26:10 CEST  cross-algorithm agreement: ok
2026-08-01 16:26:10 CEST  --- pair=17 (m=1321, n=1009, cells=1332889) ---
2026-08-01 16:26:10 CEST  runtime/memory pass
2026-08-01 16:26:10 CEST    repeat=0 BBMSCore: running...
2026-08-01 16:26:12 CEST    repeat=0 BBMSCore: status=ok
2026-08-01 16:26:12 CEST    repeat=0 BBMSInter: running...
2026-08-01 16:26:12 CEST    repeat=0 BBMSInter: status=ok
2026-08-01 16:26:12 CEST    repeat=0 BBMSDppInstant: running...
2026-08-01 16:26:12 CEST    repeat=0 BBMSDppInstant: status=ok
2026-08-01 16:26:12 CEST    repeat=0 BBMSDppStepwise: running...
2026-08-01 16:26:13 CEST    repeat=0 BBMSDppStepwise: status=ok
2026-08-01 16:26:13 CEST    repeat=0 DijkstraPrims: running...
2026-08-01 16:26:13 CEST    repeat=0 DijkstraPrims: status=ok
2026-08-01 16:26:13 CEST    repeat=1 BBMSCore: running...
2026-08-01 16:26:15 CEST    repeat=1 BBMSCore: status=ok
2026-08-01 16:26:15 CEST    repeat=1 BBMSInter: running...
2026-08-01 16:26:15 CEST    repeat=1 BBMSInter: status=ok
2026-08-01 16:26:15 CEST    repeat=1 BBMSDppInstant: running...
2026-08-01 16:26:16 CEST    repeat=1 BBMSDppInstant: status=ok
2026-08-01 16:26:16 CEST    repeat=1 BBMSDppStepwise: running...
2026-08-01 16:26:16 CEST    repeat=1 BBMSDppStepwise: status=ok
2026-08-01 16:26:16 CEST    repeat=1 DijkstraPrims: running...
2026-08-01 16:26:16 CEST    repeat=1 DijkstraPrims: status=ok
2026-08-01 16:26:16 CEST    repeat=2 BBMSCore: running...
2026-08-01 16:26:18 CEST    repeat=2 BBMSCore: status=ok
2026-08-01 16:26:18 CEST    repeat=2 BBMSInter: running...
2026-08-01 16:26:19 CEST    repeat=2 BBMSInter: status=ok
2026-08-01 16:26:19 CEST    repeat=2 BBMSDppInstant: running...
2026-08-01 16:26:19 CEST    repeat=2 BBMSDppInstant: status=ok
2026-08-01 16:26:19 CEST    repeat=2 BBMSDppStepwise: running...
2026-08-01 16:26:19 CEST    repeat=2 BBMSDppStepwise: status=ok
2026-08-01 16:26:19 CEST    repeat=2 DijkstraPrims: running...
2026-08-01 16:26:20 CEST    repeat=2 DijkstraPrims: status=ok
2026-08-01 16:26:20 CEST  op-count pass
2026-08-01 16:26:20 CEST    BBMSCore: running...
2026-08-01 16:26:21 CEST    BBMSCore: status=ok
2026-08-01 16:26:21 CEST    BBMSInter: running...
2026-08-01 16:26:22 CEST    BBMSInter: status=ok
2026-08-01 16:26:22 CEST    BBMSDppInstant: running...
2026-08-01 16:26:22 CEST    BBMSDppInstant: status=ok
2026-08-01 16:26:22 CEST    BBMSDppStepwise: running...
2026-08-01 16:26:23 CEST    BBMSDppStepwise: status=ok
2026-08-01 16:26:23 CEST    DijkstraPrims: running...
2026-08-01 16:26:23 CEST    DijkstraPrims: status=ok
2026-08-01 16:26:23 CEST  cross-algorithm agreement: ok
2026-08-01 16:26:23 CEST  --- pair=18 (m=1321, n=631, cells=833551) ---
2026-08-01 16:26:23 CEST  runtime/memory pass
2026-08-01 16:26:23 CEST    repeat=0 BBMSCore: running...
2026-08-01 16:26:23 CEST    repeat=0 BBMSCore: status=ok
2026-08-01 16:26:23 CEST    repeat=0 BBMSInter: running...
2026-08-01 16:26:23 CEST    repeat=0 BBMSInter: status=ok
2026-08-01 16:26:23 CEST    repeat=0 BBMSDppInstant: running...
2026-08-01 16:26:24 CEST    repeat=0 BBMSDppInstant: status=ok
2026-08-01 16:26:24 CEST    repeat=0 BBMSDppStepwise: running...
2026-08-01 16:26:24 CEST    repeat=0 BBMSDppStepwise: status=ok
2026-08-01 16:26:24 CEST    repeat=0 DijkstraPrims: running...
2026-08-01 16:26:24 CEST    repeat=0 DijkstraPrims: status=ok
2026-08-01 16:26:24 CEST    repeat=1 BBMSCore: running...
2026-08-01 16:26:25 CEST    repeat=1 BBMSCore: status=ok
2026-08-01 16:26:25 CEST    repeat=1 BBMSInter: running...
2026-08-01 16:26:25 CEST    repeat=1 BBMSInter: status=ok
2026-08-01 16:26:25 CEST    repeat=1 BBMSDppInstant: running...
2026-08-01 16:26:25 CEST    repeat=1 BBMSDppInstant: status=ok
2026-08-01 16:26:25 CEST    repeat=1 BBMSDppStepwise: running...
2026-08-01 16:26:25 CEST    repeat=1 BBMSDppStepwise: status=ok
2026-08-01 16:26:25 CEST    repeat=1 DijkstraPrims: running...
2026-08-01 16:26:25 CEST    repeat=1 DijkstraPrims: status=ok
2026-08-01 16:26:25 CEST    repeat=2 BBMSCore: running...
2026-08-01 16:26:26 CEST    repeat=2 BBMSCore: status=ok
2026-08-01 16:26:26 CEST    repeat=2 BBMSInter: running...
2026-08-01 16:26:26 CEST    repeat=2 BBMSInter: status=ok
2026-08-01 16:26:26 CEST    repeat=2 BBMSDppInstant: running...
2026-08-01 16:26:26 CEST    repeat=2 BBMSDppInstant: status=ok
2026-08-01 16:26:26 CEST    repeat=2 BBMSDppStepwise: running...
2026-08-01 16:26:26 CEST    repeat=2 BBMSDppStepwise: status=ok
2026-08-01 16:26:26 CEST    repeat=2 DijkstraPrims: running...
2026-08-01 16:26:26 CEST    repeat=2 DijkstraPrims: status=ok
2026-08-01 16:26:26 CEST  op-count pass
2026-08-01 16:26:26 CEST    BBMSCore: running...
2026-08-01 16:26:27 CEST    BBMSCore: status=ok
2026-08-01 16:26:27 CEST    BBMSInter: running...
2026-08-01 16:26:27 CEST    BBMSInter: status=ok
2026-08-01 16:26:27 CEST    BBMSDppInstant: running...
2026-08-01 16:26:27 CEST    BBMSDppInstant: status=ok
2026-08-01 16:26:27 CEST    BBMSDppStepwise: running...
2026-08-01 16:26:27 CEST    BBMSDppStepwise: status=ok
2026-08-01 16:26:27 CEST    DijkstraPrims: running...
2026-08-01 16:26:28 CEST    DijkstraPrims: status=ok
2026-08-01 16:26:28 CEST  cross-algorithm agreement: ok
2026-08-01 16:26:28 CEST  --- pair=19 (m=1321, n=542, cells=715982) ---
2026-08-01 16:26:28 CEST  runtime/memory pass
2026-08-01 16:26:28 CEST    repeat=0 BBMSCore: running...
2026-08-01 16:26:31 CEST    repeat=0 BBMSCore: status=ok
2026-08-01 16:26:31 CEST    repeat=0 BBMSInter: running...
2026-08-01 16:26:31 CEST    repeat=0 BBMSInter: status=ok
2026-08-01 16:26:31 CEST    repeat=0 BBMSDppInstant: running...
2026-08-01 16:26:32 CEST    repeat=0 BBMSDppInstant: status=ok
2026-08-01 16:26:32 CEST    repeat=0 BBMSDppStepwise: running...
2026-08-01 16:26:32 CEST    repeat=0 BBMSDppStepwise: status=ok
2026-08-01 16:26:32 CEST    repeat=0 DijkstraPrims: running...
2026-08-01 16:26:32 CEST    repeat=0 DijkstraPrims: status=ok
2026-08-01 16:26:32 CEST    repeat=1 BBMSCore: running...
2026-08-01 16:26:35 CEST    repeat=1 BBMSCore: status=ok
2026-08-01 16:26:35 CEST    repeat=1 BBMSInter: running...
2026-08-01 16:26:35 CEST    repeat=1 BBMSInter: status=ok
2026-08-01 16:26:35 CEST    repeat=1 BBMSDppInstant: running...
2026-08-01 16:26:36 CEST    repeat=1 BBMSDppInstant: status=ok
2026-08-01 16:26:36 CEST    repeat=1 BBMSDppStepwise: running...
2026-08-01 16:26:36 CEST    repeat=1 BBMSDppStepwise: status=ok
2026-08-01 16:26:36 CEST    repeat=1 DijkstraPrims: running...
2026-08-01 16:26:36 CEST    repeat=1 DijkstraPrims: status=ok
2026-08-01 16:26:36 CEST    repeat=2 BBMSCore: running...
2026-08-01 16:26:40 CEST    repeat=2 BBMSCore: status=ok
2026-08-01 16:26:40 CEST    repeat=2 BBMSInter: running...
2026-08-01 16:26:40 CEST    repeat=2 BBMSInter: status=ok
2026-08-01 16:26:40 CEST    repeat=2 BBMSDppInstant: running...
2026-08-01 16:26:40 CEST    repeat=2 BBMSDppInstant: status=ok
2026-08-01 16:26:40 CEST    repeat=2 BBMSDppStepwise: running...
2026-08-01 16:26:40 CEST    repeat=2 BBMSDppStepwise: status=ok
2026-08-01 16:26:40 CEST    repeat=2 DijkstraPrims: running...
2026-08-01 16:26:40 CEST    repeat=2 DijkstraPrims: status=ok
2026-08-01 16:26:40 CEST  op-count pass
2026-08-01 16:26:40 CEST    BBMSCore: running...
2026-08-01 16:26:44 CEST    BBMSCore: status=ok
2026-08-01 16:26:44 CEST    BBMSInter: running...
2026-08-01 16:26:44 CEST    BBMSInter: status=ok
2026-08-01 16:26:44 CEST    BBMSDppInstant: running...
2026-08-01 16:26:44 CEST    BBMSDppInstant: status=ok
2026-08-01 16:26:44 CEST    BBMSDppStepwise: running...
2026-08-01 16:26:44 CEST    BBMSDppStepwise: status=ok
2026-08-01 16:26:44 CEST    DijkstraPrims: running...
2026-08-01 16:26:44 CEST    DijkstraPrims: status=ok
2026-08-01 16:26:44 CEST  cross-algorithm agreement: ok
2026-08-01 16:26:44 CEST  --- pair=20 (m=1321, n=215, cells=284015) ---
2026-08-01 16:26:44 CEST  runtime/memory pass
2026-08-01 16:26:44 CEST    repeat=0 BBMSCore: running...
2026-08-01 16:26:45 CEST    repeat=0 BBMSCore: status=ok
2026-08-01 16:26:45 CEST    repeat=0 BBMSInter: running...
2026-08-01 16:26:45 CEST    repeat=0 BBMSInter: status=ok
2026-08-01 16:26:45 CEST    repeat=0 BBMSDppInstant: running...
2026-08-01 16:26:45 CEST    repeat=0 BBMSDppInstant: status=ok
2026-08-01 16:26:45 CEST    repeat=0 BBMSDppStepwise: running...
2026-08-01 16:26:45 CEST    repeat=0 BBMSDppStepwise: status=ok
2026-08-01 16:26:45 CEST    repeat=0 DijkstraPrims: running...
2026-08-01 16:26:45 CEST    repeat=0 DijkstraPrims: status=ok
2026-08-01 16:26:45 CEST    repeat=1 BBMSCore: running...
2026-08-01 16:26:45 CEST    repeat=1 BBMSCore: status=ok
2026-08-01 16:26:45 CEST    repeat=1 BBMSInter: running...
2026-08-01 16:26:45 CEST    repeat=1 BBMSInter: status=ok
2026-08-01 16:26:45 CEST    repeat=1 BBMSDppInstant: running...
2026-08-01 16:26:46 CEST    repeat=1 BBMSDppInstant: status=ok
2026-08-01 16:26:46 CEST    repeat=1 BBMSDppStepwise: running...
2026-08-01 16:26:46 CEST    repeat=1 BBMSDppStepwise: status=ok
2026-08-01 16:26:46 CEST    repeat=1 DijkstraPrims: running...
2026-08-01 16:26:46 CEST    repeat=1 DijkstraPrims: status=ok
2026-08-01 16:26:46 CEST    repeat=2 BBMSCore: running...
2026-08-01 16:26:46 CEST    repeat=2 BBMSCore: status=ok
2026-08-01 16:26:46 CEST    repeat=2 BBMSInter: running...
2026-08-01 16:26:46 CEST    repeat=2 BBMSInter: status=ok
2026-08-01 16:26:46 CEST    repeat=2 BBMSDppInstant: running...
2026-08-01 16:26:46 CEST    repeat=2 BBMSDppInstant: status=ok
2026-08-01 16:26:46 CEST    repeat=2 BBMSDppStepwise: running...
2026-08-01 16:26:46 CEST    repeat=2 BBMSDppStepwise: status=ok
2026-08-01 16:26:46 CEST    repeat=2 DijkstraPrims: running...
2026-08-01 16:26:46 CEST    repeat=2 DijkstraPrims: status=ok
2026-08-01 16:26:46 CEST  op-count pass
2026-08-01 16:26:46 CEST    BBMSCore: running...
2026-08-01 16:26:47 CEST    BBMSCore: status=ok
2026-08-01 16:26:47 CEST    BBMSInter: running...
2026-08-01 16:26:47 CEST    BBMSInter: status=ok
2026-08-01 16:26:47 CEST    BBMSDppInstant: running...
2026-08-01 16:26:47 CEST    BBMSDppInstant: status=ok
2026-08-01 16:26:47 CEST    BBMSDppStepwise: running...
2026-08-01 16:26:47 CEST    BBMSDppStepwise: status=ok
2026-08-01 16:26:47 CEST    DijkstraPrims: running...
2026-08-01 16:26:47 CEST    DijkstraPrims: status=ok
2026-08-01 16:26:47 CEST  cross-algorithm agreement: ok
2026-08-01 16:26:47 CEST  --- pair=21 (m=1321, n=1445, cells=1908845) ---
2026-08-01 16:26:47 CEST  runtime/memory pass
2026-08-01 16:26:47 CEST    repeat=0 BBMSCore: running...
2026-08-01 16:26:50 CEST    repeat=0 BBMSCore: status=ok
2026-08-01 16:26:50 CEST    repeat=0 BBMSInter: running...
2026-08-01 16:26:50 CEST    repeat=0 BBMSInter: status=ok
2026-08-01 16:26:50 CEST    repeat=0 BBMSDppInstant: running...
2026-08-01 16:26:51 CEST    repeat=0 BBMSDppInstant: status=ok
2026-08-01 16:26:51 CEST    repeat=0 BBMSDppStepwise: running...
2026-08-01 16:26:51 CEST    repeat=0 BBMSDppStepwise: status=ok
2026-08-01 16:26:51 CEST    repeat=0 DijkstraPrims: running...
2026-08-01 16:26:52 CEST    repeat=0 DijkstraPrims: status=ok
2026-08-01 16:26:52 CEST    repeat=1 BBMSCore: running...
2026-08-01 16:26:54 CEST    repeat=1 BBMSCore: status=ok
2026-08-01 16:26:54 CEST    repeat=1 BBMSInter: running...
2026-08-01 16:26:55 CEST    repeat=1 BBMSInter: status=ok
2026-08-01 16:26:55 CEST    repeat=1 BBMSDppInstant: running...
2026-08-01 16:26:56 CEST    repeat=1 BBMSDppInstant: status=ok
2026-08-01 16:26:56 CEST    repeat=1 BBMSDppStepwise: running...
2026-08-01 16:26:56 CEST    repeat=1 BBMSDppStepwise: status=ok
2026-08-01 16:26:56 CEST    repeat=1 DijkstraPrims: running...
2026-08-01 16:26:56 CEST    repeat=1 DijkstraPrims: status=ok
2026-08-01 16:26:56 CEST    repeat=2 BBMSCore: running...
2026-08-01 16:26:59 CEST    repeat=2 BBMSCore: status=ok
2026-08-01 16:26:59 CEST    repeat=2 BBMSInter: running...
2026-08-01 16:27:00 CEST    repeat=2 BBMSInter: status=ok
2026-08-01 16:27:00 CEST    repeat=2 BBMSDppInstant: running...
2026-08-01 16:27:00 CEST    repeat=2 BBMSDppInstant: status=ok
2026-08-01 16:27:00 CEST    repeat=2 BBMSDppStepwise: running...
2026-08-01 16:27:01 CEST    repeat=2 BBMSDppStepwise: status=ok
2026-08-01 16:27:01 CEST    repeat=2 DijkstraPrims: running...
2026-08-01 16:27:01 CEST    repeat=2 DijkstraPrims: status=ok
2026-08-01 16:27:01 CEST  op-count pass
2026-08-01 16:27:01 CEST    BBMSCore: running...
2026-08-01 16:27:04 CEST    BBMSCore: status=ok
2026-08-01 16:27:04 CEST    BBMSInter: running...
2026-08-01 16:27:04 CEST    BBMSInter: status=ok
2026-08-01 16:27:04 CEST    BBMSDppInstant: running...
2026-08-01 16:27:05 CEST    BBMSDppInstant: status=ok
2026-08-01 16:27:05 CEST    BBMSDppStepwise: running...
2026-08-01 16:27:06 CEST    BBMSDppStepwise: status=ok
2026-08-01 16:27:06 CEST    DijkstraPrims: running...
2026-08-01 16:27:06 CEST    DijkstraPrims: status=ok
2026-08-01 16:27:06 CEST  cross-algorithm agreement: ok
2026-08-01 16:27:06 CEST  --- pair=22 (m=1321, n=1098, cells=1450458) ---
2026-08-01 16:27:06 CEST  runtime/memory pass
2026-08-01 16:27:06 CEST    repeat=0 BBMSCore: running...
2026-08-01 16:27:09 CEST    repeat=0 BBMSCore: status=ok
2026-08-01 16:27:09 CEST    repeat=0 BBMSInter: running...
2026-08-01 16:27:09 CEST    repeat=0 BBMSInter: status=ok
2026-08-01 16:27:09 CEST    repeat=0 BBMSDppInstant: running...
2026-08-01 16:27:10 CEST    repeat=0 BBMSDppInstant: status=ok
2026-08-01 16:27:10 CEST    repeat=0 BBMSDppStepwise: running...
2026-08-01 16:27:10 CEST    repeat=0 BBMSDppStepwise: status=ok
2026-08-01 16:27:10 CEST    repeat=0 DijkstraPrims: running...
2026-08-01 16:27:10 CEST    repeat=0 DijkstraPrims: status=ok
2026-08-01 16:27:10 CEST    repeat=1 BBMSCore: running...
2026-08-01 16:27:13 CEST    repeat=1 BBMSCore: status=ok
2026-08-01 16:27:13 CEST    repeat=1 BBMSInter: running...
2026-08-01 16:27:14 CEST    repeat=1 BBMSInter: status=ok
2026-08-01 16:27:14 CEST    repeat=1 BBMSDppInstant: running...
2026-08-01 16:27:14 CEST    repeat=1 BBMSDppInstant: status=ok
2026-08-01 16:27:14 CEST    repeat=1 BBMSDppStepwise: running...
2026-08-01 16:27:14 CEST    repeat=1 BBMSDppStepwise: status=ok
2026-08-01 16:27:14 CEST    repeat=1 DijkstraPrims: running...
2026-08-01 16:27:14 CEST    repeat=1 DijkstraPrims: status=ok
2026-08-01 16:27:14 CEST    repeat=2 BBMSCore: running...
2026-08-01 16:27:17 CEST    repeat=2 BBMSCore: status=ok
2026-08-01 16:27:17 CEST    repeat=2 BBMSInter: running...
2026-08-01 16:27:18 CEST    repeat=2 BBMSInter: status=ok
2026-08-01 16:27:18 CEST    repeat=2 BBMSDppInstant: running...
2026-08-01 16:27:18 CEST    repeat=2 BBMSDppInstant: status=ok
2026-08-01 16:27:18 CEST    repeat=2 BBMSDppStepwise: running...
2026-08-01 16:27:19 CEST    repeat=2 BBMSDppStepwise: status=ok
2026-08-01 16:27:19 CEST    repeat=2 DijkstraPrims: running...
2026-08-01 16:27:19 CEST    repeat=2 DijkstraPrims: status=ok
2026-08-01 16:27:19 CEST  op-count pass
2026-08-01 16:27:19 CEST    BBMSCore: running...
2026-08-01 16:27:22 CEST    BBMSCore: status=ok
2026-08-01 16:27:22 CEST    BBMSInter: running...
2026-08-01 16:27:22 CEST    BBMSInter: status=ok
2026-08-01 16:27:22 CEST    BBMSDppInstant: running...
2026-08-01 16:27:23 CEST    BBMSDppInstant: status=ok
2026-08-01 16:27:23 CEST    BBMSDppStepwise: running...
2026-08-01 16:27:23 CEST    BBMSDppStepwise: status=ok
2026-08-01 16:27:23 CEST    DijkstraPrims: running...
2026-08-01 16:27:23 CEST    DijkstraPrims: status=ok
2026-08-01 16:27:23 CEST  cross-algorithm agreement: ok
2026-08-01 16:27:23 CEST  --- pair=23 (m=1321, n=402, cells=531042) ---
2026-08-01 16:27:23 CEST  runtime/memory pass
2026-08-01 16:27:23 CEST    repeat=0 BBMSCore: running...
2026-08-01 16:27:24 CEST    repeat=0 BBMSCore: status=ok
2026-08-01 16:27:24 CEST    repeat=0 BBMSInter: running...
2026-08-01 16:27:24 CEST    repeat=0 BBMSInter: status=ok
2026-08-01 16:27:24 CEST    repeat=0 BBMSDppInstant: running...
2026-08-01 16:27:24 CEST    repeat=0 BBMSDppInstant: status=ok
2026-08-01 16:27:24 CEST    repeat=0 BBMSDppStepwise: running...
2026-08-01 16:27:24 CEST    repeat=0 BBMSDppStepwise: status=ok
2026-08-01 16:27:24 CEST    repeat=0 DijkstraPrims: running...
2026-08-01 16:27:25 CEST    repeat=0 DijkstraPrims: status=ok
2026-08-01 16:27:25 CEST    repeat=1 BBMSCore: running...
2026-08-01 16:27:25 CEST    repeat=1 BBMSCore: status=ok
2026-08-01 16:27:25 CEST    repeat=1 BBMSInter: running...
2026-08-01 16:27:26 CEST    repeat=1 BBMSInter: status=ok
2026-08-01 16:27:26 CEST    repeat=1 BBMSDppInstant: running...
2026-08-01 16:27:26 CEST    repeat=1 BBMSDppInstant: status=ok
2026-08-01 16:27:26 CEST    repeat=1 BBMSDppStepwise: running...
2026-08-01 16:27:26 CEST    repeat=1 BBMSDppStepwise: status=ok
2026-08-01 16:27:26 CEST    repeat=1 DijkstraPrims: running...
2026-08-01 16:27:26 CEST    repeat=1 DijkstraPrims: status=ok
2026-08-01 16:27:26 CEST    repeat=2 BBMSCore: running...
2026-08-01 16:27:27 CEST    repeat=2 BBMSCore: status=ok
2026-08-01 16:27:27 CEST    repeat=2 BBMSInter: running...
2026-08-01 16:27:27 CEST    repeat=2 BBMSInter: status=ok
2026-08-01 16:27:27 CEST    repeat=2 BBMSDppInstant: running...
2026-08-01 16:27:27 CEST    repeat=2 BBMSDppInstant: status=ok
2026-08-01 16:27:27 CEST    repeat=2 BBMSDppStepwise: running...
2026-08-01 16:27:27 CEST    repeat=2 BBMSDppStepwise: status=ok
2026-08-01 16:27:27 CEST    repeat=2 DijkstraPrims: running...
2026-08-01 16:27:27 CEST    repeat=2 DijkstraPrims: status=ok
2026-08-01 16:27:27 CEST  op-count pass
2026-08-01 16:27:27 CEST    BBMSCore: running...
2026-08-01 16:27:28 CEST    BBMSCore: status=ok
2026-08-01 16:27:28 CEST    BBMSInter: running...
2026-08-01 16:27:28 CEST    BBMSInter: status=ok
2026-08-01 16:27:28 CEST    BBMSDppInstant: running...
2026-08-01 16:27:29 CEST    BBMSDppInstant: status=ok
2026-08-01 16:27:29 CEST    BBMSDppStepwise: running...
2026-08-01 16:27:29 CEST    BBMSDppStepwise: status=ok
2026-08-01 16:27:29 CEST    DijkstraPrims: running...
2026-08-01 16:27:29 CEST    DijkstraPrims: status=ok
2026-08-01 16:27:29 CEST  cross-algorithm agreement: ok
2026-08-01 16:27:29 CEST  --- pair=24 (m=1321, n=428, cells=565388) ---
2026-08-01 16:27:29 CEST  runtime/memory pass
2026-08-01 16:27:29 CEST    repeat=0 BBMSCore: running...
2026-08-01 16:27:29 CEST    repeat=0 BBMSCore: status=ok
2026-08-01 16:27:29 CEST    repeat=0 BBMSInter: running...
2026-08-01 16:27:30 CEST    repeat=0 BBMSInter: status=ok
2026-08-01 16:27:30 CEST    repeat=0 BBMSDppInstant: running...
2026-08-01 16:27:30 CEST    repeat=0 BBMSDppInstant: status=ok
2026-08-01 16:27:30 CEST    repeat=0 BBMSDppStepwise: running...
2026-08-01 16:27:30 CEST    repeat=0 BBMSDppStepwise: status=ok
2026-08-01 16:27:30 CEST    repeat=0 DijkstraPrims: running...
2026-08-01 16:27:30 CEST    repeat=0 DijkstraPrims: status=ok
2026-08-01 16:27:30 CEST    repeat=1 BBMSCore: running...
2026-08-01 16:27:31 CEST    repeat=1 BBMSCore: status=ok
2026-08-01 16:27:31 CEST    repeat=1 BBMSInter: running...
2026-08-01 16:27:31 CEST    repeat=1 BBMSInter: status=ok
2026-08-01 16:27:31 CEST    repeat=1 BBMSDppInstant: running...
2026-08-01 16:27:31 CEST    repeat=1 BBMSDppInstant: status=ok
2026-08-01 16:27:31 CEST    repeat=1 BBMSDppStepwise: running...
2026-08-01 16:27:32 CEST    repeat=1 BBMSDppStepwise: status=ok
2026-08-01 16:27:32 CEST    repeat=1 DijkstraPrims: running...
2026-08-01 16:27:32 CEST    repeat=1 DijkstraPrims: status=ok
2026-08-01 16:27:32 CEST    repeat=2 BBMSCore: running...
2026-08-01 16:27:32 CEST    repeat=2 BBMSCore: status=ok
2026-08-01 16:27:32 CEST    repeat=2 BBMSInter: running...
2026-08-01 16:27:33 CEST    repeat=2 BBMSInter: status=ok
2026-08-01 16:27:33 CEST    repeat=2 BBMSDppInstant: running...
2026-08-01 16:27:33 CEST    repeat=2 BBMSDppInstant: status=ok
2026-08-01 16:27:33 CEST    repeat=2 BBMSDppStepwise: running...
2026-08-01 16:27:33 CEST    repeat=2 BBMSDppStepwise: status=ok
2026-08-01 16:27:33 CEST    repeat=2 DijkstraPrims: running...
2026-08-01 16:27:33 CEST    repeat=2 DijkstraPrims: status=ok
2026-08-01 16:27:33 CEST  op-count pass
2026-08-01 16:27:33 CEST    BBMSCore: running...
2026-08-01 16:27:34 CEST    BBMSCore: status=ok
2026-08-01 16:27:34 CEST    BBMSInter: running...
2026-08-01 16:27:34 CEST    BBMSInter: status=ok
2026-08-01 16:27:34 CEST    BBMSDppInstant: running...
2026-08-01 16:27:34 CEST    BBMSDppInstant: status=ok
2026-08-01 16:27:34 CEST    BBMSDppStepwise: running...
2026-08-01 16:27:35 CEST    BBMSDppStepwise: status=ok
2026-08-01 16:27:35 CEST    DijkstraPrims: running...
2026-08-01 16:27:35 CEST    DijkstraPrims: status=ok
2026-08-01 16:27:35 CEST  cross-algorithm agreement: ok
2026-08-01 16:27:35 CEST  --- pair=25 (m=1321, n=272, cells=359312) ---
2026-08-01 16:27:35 CEST  runtime/memory pass
2026-08-01 16:27:35 CEST    repeat=0 BBMSCore: running...
2026-08-01 16:27:36 CEST    repeat=0 BBMSCore: status=ok
2026-08-01 16:27:36 CEST    repeat=0 BBMSInter: running...
2026-08-01 16:27:36 CEST    repeat=0 BBMSInter: status=ok
2026-08-01 16:27:36 CEST    repeat=0 BBMSDppInstant: running...
2026-08-01 16:27:36 CEST    repeat=0 BBMSDppInstant: status=ok
2026-08-01 16:27:36 CEST    repeat=0 BBMSDppStepwise: running...
2026-08-01 16:27:36 CEST    repeat=0 BBMSDppStepwise: status=ok
2026-08-01 16:27:36 CEST    repeat=0 DijkstraPrims: running...
2026-08-01 16:27:36 CEST    repeat=0 DijkstraPrims: status=ok
2026-08-01 16:27:36 CEST    repeat=1 BBMSCore: running...
2026-08-01 16:27:37 CEST    repeat=1 BBMSCore: status=ok
2026-08-01 16:27:37 CEST    repeat=1 BBMSInter: running...
2026-08-01 16:27:38 CEST    repeat=1 BBMSInter: status=ok
2026-08-01 16:27:38 CEST    repeat=1 BBMSDppInstant: running...
2026-08-01 16:27:38 CEST    repeat=1 BBMSDppInstant: status=ok
2026-08-01 16:27:38 CEST    repeat=1 BBMSDppStepwise: running...
2026-08-01 16:27:38 CEST    repeat=1 BBMSDppStepwise: status=ok
2026-08-01 16:27:38 CEST    repeat=1 DijkstraPrims: running...
2026-08-01 16:27:38 CEST    repeat=1 DijkstraPrims: status=ok
2026-08-01 16:27:38 CEST    repeat=2 BBMSCore: running...
2026-08-01 16:27:39 CEST    repeat=2 BBMSCore: status=ok
2026-08-01 16:27:39 CEST    repeat=2 BBMSInter: running...
2026-08-01 16:27:39 CEST    repeat=2 BBMSInter: status=ok
2026-08-01 16:27:39 CEST    repeat=2 BBMSDppInstant: running...
2026-08-01 16:27:40 CEST    repeat=2 BBMSDppInstant: status=ok
2026-08-01 16:27:40 CEST    repeat=2 BBMSDppStepwise: running...
2026-08-01 16:27:40 CEST    repeat=2 BBMSDppStepwise: status=ok
2026-08-01 16:27:40 CEST    repeat=2 DijkstraPrims: running...
2026-08-01 16:27:40 CEST    repeat=2 DijkstraPrims: status=ok
2026-08-01 16:27:40 CEST  op-count pass
2026-08-01 16:27:40 CEST    BBMSCore: running...
2026-08-01 16:27:41 CEST    BBMSCore: status=ok
2026-08-01 16:27:41 CEST    BBMSInter: running...
2026-08-01 16:27:41 CEST    BBMSInter: status=ok
2026-08-01 16:27:41 CEST    BBMSDppInstant: running...
2026-08-01 16:27:41 CEST    BBMSDppInstant: status=ok
2026-08-01 16:27:41 CEST    BBMSDppStepwise: running...
2026-08-01 16:27:41 CEST    BBMSDppStepwise: status=ok
2026-08-01 16:27:41 CEST    DijkstraPrims: running...
2026-08-01 16:27:42 CEST    DijkstraPrims: status=ok
2026-08-01 16:27:42 CEST  cross-algorithm agreement: ok
2026-08-01 16:27:42 CEST  --- pair=26 (m=1321, n=1954, cells=2581234) ---
2026-08-01 16:27:42 CEST  runtime/memory pass
2026-08-01 16:27:42 CEST    repeat=0 BBMSCore: running...
2026-08-01 16:27:45 CEST    repeat=0 BBMSCore: status=ok
2026-08-01 16:27:45 CEST    repeat=0 BBMSInter: running...
2026-08-01 16:27:45 CEST    repeat=0 BBMSInter: status=ok
2026-08-01 16:27:45 CEST    repeat=0 BBMSDppInstant: running...
2026-08-01 16:27:46 CEST    repeat=0 BBMSDppInstant: status=ok
2026-08-01 16:27:46 CEST    repeat=0 BBMSDppStepwise: running...
2026-08-01 16:27:46 CEST    repeat=0 BBMSDppStepwise: status=ok
2026-08-01 16:27:46 CEST    repeat=0 DijkstraPrims: running...
2026-08-01 16:27:47 CEST    repeat=0 DijkstraPrims: status=ok
2026-08-01 16:27:47 CEST    repeat=1 BBMSCore: running...
2026-08-01 16:27:50 CEST    repeat=1 BBMSCore: status=ok
2026-08-01 16:27:50 CEST    repeat=1 BBMSInter: running...
2026-08-01 16:27:50 CEST    repeat=1 BBMSInter: status=ok
2026-08-01 16:27:50 CEST    repeat=1 BBMSDppInstant: running...
2026-08-01 16:27:51 CEST    repeat=1 BBMSDppInstant: status=ok
2026-08-01 16:27:51 CEST    repeat=1 BBMSDppStepwise: running...
2026-08-01 16:27:52 CEST    repeat=1 BBMSDppStepwise: status=ok
2026-08-01 16:27:52 CEST    repeat=1 DijkstraPrims: running...
2026-08-01 16:27:52 CEST    repeat=1 DijkstraPrims: status=ok
2026-08-01 16:27:52 CEST    repeat=2 BBMSCore: running...
2026-08-01 16:27:55 CEST    repeat=2 BBMSCore: status=ok
2026-08-01 16:27:55 CEST    repeat=2 BBMSInter: running...
2026-08-01 16:27:56 CEST    repeat=2 BBMSInter: status=ok
2026-08-01 16:27:56 CEST    repeat=2 BBMSDppInstant: running...
2026-08-01 16:27:56 CEST    repeat=2 BBMSDppInstant: status=ok
2026-08-01 16:27:56 CEST    repeat=2 BBMSDppStepwise: running...
2026-08-01 16:27:57 CEST    repeat=2 BBMSDppStepwise: status=ok
2026-08-01 16:27:57 CEST    repeat=2 DijkstraPrims: running...
2026-08-01 16:27:58 CEST    repeat=2 DijkstraPrims: status=ok
2026-08-01 16:27:58 CEST  op-count pass
2026-08-01 16:27:58 CEST    BBMSCore: running...
2026-08-01 16:28:01 CEST    BBMSCore: status=ok
2026-08-01 16:28:01 CEST    BBMSInter: running...
2026-08-01 16:28:01 CEST    BBMSInter: status=ok
2026-08-01 16:28:01 CEST    BBMSDppInstant: running...
2026-08-01 16:28:02 CEST    BBMSDppInstant: status=ok
2026-08-01 16:28:02 CEST    BBMSDppStepwise: running...
2026-08-01 16:28:03 CEST    BBMSDppStepwise: status=ok
2026-08-01 16:28:03 CEST    DijkstraPrims: running...
2026-08-01 16:28:03 CEST    DijkstraPrims: status=ok
2026-08-01 16:28:03 CEST  cross-algorithm agreement: ok
2026-08-01 16:28:03 CEST  --- pair=27 (m=1321, n=2059, cells=2719939) ---
2026-08-01 16:28:03 CEST  runtime/memory pass
2026-08-01 16:28:03 CEST    repeat=0 BBMSCore: running...
2026-08-01 16:28:06 CEST    repeat=0 BBMSCore: status=ok
2026-08-01 16:28:06 CEST    repeat=0 BBMSInter: running...
2026-08-01 16:28:06 CEST    repeat=0 BBMSInter: status=ok
2026-08-01 16:28:06 CEST    repeat=0 BBMSDppInstant: running...
2026-08-01 16:28:07 CEST    repeat=0 BBMSDppInstant: status=ok
2026-08-01 16:28:07 CEST    repeat=0 BBMSDppStepwise: running...
2026-08-01 16:28:07 CEST    repeat=0 BBMSDppStepwise: status=ok
2026-08-01 16:28:07 CEST    repeat=0 DijkstraPrims: running...
2026-08-01 16:28:08 CEST    repeat=0 DijkstraPrims: status=ok
2026-08-01 16:28:08 CEST    repeat=1 BBMSCore: running...
2026-08-01 16:28:10 CEST    repeat=1 BBMSCore: status=ok
2026-08-01 16:28:10 CEST    repeat=1 BBMSInter: running...
2026-08-01 16:28:11 CEST    repeat=1 BBMSInter: status=ok
2026-08-01 16:28:11 CEST    repeat=1 BBMSDppInstant: running...
2026-08-01 16:28:11 CEST    repeat=1 BBMSDppInstant: status=ok
2026-08-01 16:28:11 CEST    repeat=1 BBMSDppStepwise: running...
2026-08-01 16:28:12 CEST    repeat=1 BBMSDppStepwise: status=ok
2026-08-01 16:28:12 CEST    repeat=1 DijkstraPrims: running...
2026-08-01 16:28:13 CEST    repeat=1 DijkstraPrims: status=ok
2026-08-01 16:28:13 CEST    repeat=2 BBMSCore: running...
2026-08-01 16:28:15 CEST    repeat=2 BBMSCore: status=ok
2026-08-01 16:28:15 CEST    repeat=2 BBMSInter: running...
2026-08-01 16:28:15 CEST    repeat=2 BBMSInter: status=ok
2026-08-01 16:28:15 CEST    repeat=2 BBMSDppInstant: running...
2026-08-01 16:28:16 CEST    repeat=2 BBMSDppInstant: status=ok
2026-08-01 16:28:16 CEST    repeat=2 BBMSDppStepwise: running...
2026-08-01 16:28:17 CEST    repeat=2 BBMSDppStepwise: status=ok
2026-08-01 16:28:17 CEST    repeat=2 DijkstraPrims: running...
2026-08-01 16:28:18 CEST    repeat=2 DijkstraPrims: status=ok
2026-08-01 16:28:18 CEST  op-count pass
2026-08-01 16:28:18 CEST    BBMSCore: running...
2026-08-01 16:28:20 CEST    BBMSCore: status=ok
2026-08-01 16:28:20 CEST    BBMSInter: running...
2026-08-01 16:28:20 CEST    BBMSInter: status=ok
2026-08-01 16:28:20 CEST    BBMSDppInstant: running...
2026-08-01 16:28:21 CEST    BBMSDppInstant: status=ok
2026-08-01 16:28:21 CEST    BBMSDppStepwise: running...
2026-08-01 16:28:22 CEST    BBMSDppStepwise: status=ok
2026-08-01 16:28:22 CEST    DijkstraPrims: running...
2026-08-01 16:28:22 CEST    DijkstraPrims: status=ok
2026-08-01 16:28:22 CEST  cross-algorithm agreement: ok
2026-08-01 16:28:22 CEST  --- pair=28 (m=1321, n=176, cells=232496) ---
2026-08-01 16:28:22 CEST  runtime/memory pass
2026-08-01 16:28:22 CEST    repeat=0 BBMSCore: running...
2026-08-01 16:28:24 CEST    repeat=0 BBMSCore: status=ok
2026-08-01 16:28:24 CEST    repeat=0 BBMSInter: running...
2026-08-01 16:28:24 CEST    repeat=0 BBMSInter: status=ok
2026-08-01 16:28:24 CEST    repeat=0 BBMSDppInstant: running...
2026-08-01 16:28:24 CEST    repeat=0 BBMSDppInstant: status=ok
2026-08-01 16:28:24 CEST    repeat=0 BBMSDppStepwise: running...
2026-08-01 16:28:24 CEST    repeat=0 BBMSDppStepwise: status=ok
2026-08-01 16:28:24 CEST    repeat=0 DijkstraPrims: running...
2026-08-01 16:28:24 CEST    repeat=0 DijkstraPrims: status=ok
2026-08-01 16:28:24 CEST    repeat=1 BBMSCore: running...
